 modbus

 Timestamp is 5d80d3ab (Tue Sep 17 15:38:03 2019)

 Preferred load address is 10000000

 Start         Length     Name                   Class
 0001:00000000 00080980H .text$mn                CODE
 0001:00080980 0000014bH .text$x                 CODE
 0002:00000000 000001c4H .idata$5                DATA
 0002:000001c4 00000004H .00cfg                  DATA
 0002:000001c8 00000004H .CRT$XCA                DATA
 0002:000001cc 00000004H .CRT$XCZ                DATA
 0002:000001d0 00000004H .CRT$XIA                DATA
 0002:000001d4 0000000cH .CRT$XIC                DATA
 0002:000001e0 00000004H .CRT$XIZ                DATA
 0002:000001e4 00000004H .CRT$XPA                DATA
 0002:000001e8 00000008H .CRT$XPX                DATA
 0002:000001f0 00000004H .CRT$XPXA               DATA
 0002:000001f4 00000004H .CRT$XPZ                DATA
 0002:000001f8 00000004H .CRT$XTA                DATA
 0002:000001fc 00000004H .CRT$XTZ                DATA
 0002:00000200 00000000H .gfids$y                DATA
 0002:00000200 0001d810H .rdata                  DATA
 0002:0001da10 000002a0H .rdata$r                DATA
 0002:0001dcb0 00000038H .rdata$sxdata           DATA
 0002:0001dce8 0000034cH .rdata$zzzdbg           DATA
 0002:0001e034 00000004H .rtc$IAA                DATA
 0002:0001e038 00000010H .rtc$IMZ                DATA
 0002:0001e048 00000004H .rtc$IZZ                DATA
 0002:0001e04c 00000004H .rtc$TAA                DATA
 0002:0001e050 00000010H .rtc$TMZ                DATA
 0002:0001e060 00000008H .rtc$TZZ                DATA
 0002:0001e068 00000c28H .xdata$x                DATA
 0002:0001ec90 00000818H .edata                  DATA
 0002:0001f4a8 00000028H .idata$2                DATA
 0002:0001f4d0 00000014H .idata$3                DATA
 0002:0001f4e4 000001c4H .idata$4                DATA
 0002:0001f6a8 0000069eH .idata$6                DATA
 0003:00000000 00001770H .data                   DATA
 0003:00001770 00000110H .data$r                 DATA
 0003:00001880 00001760H .bss                    DATA
 0004:00000000 000000a0H .rsrc$01                DATA
 0004:000000a0 000003f0H .rsrc$02                DATA

  Address         Publics by Value              Rva+Base       Lib:Object

 0000:00000000       ___guard_iat_table         00000000     <absolute>
 0000:00000000       ___enclave_config          00000000     <absolute>
 0000:00000000       ___volatile_metadata       00000000     <absolute>
 0000:00000000       ___hybrid_code_map         00000000     <absolute>
 0000:00000000       ___guard_fids_count        00000000     <absolute>
 0000:00000000       ___hybrid_auxiliary_iat    00000000     <absolute>
 0000:00000000       ___guard_longjmp_count     00000000     <absolute>
 0000:00000000       ___guard_iat_count         00000000     <absolute>
 0000:00000000       ___guard_longjmp_table     00000000     <absolute>
 0000:00000000       ___hybrid_code_map_count   00000000     <absolute>
 0000:00000000       ___dynamic_value_reloc_table 00000000     <absolute>
 0000:00000000       __except_list              00000000     <absolute>
 0000:00000000       ___guard_fids_table        00000000     <absolute>
 0000:0000000e       ___safe_se_handler_count   0000000e     <absolute>
 0000:00000100       ___guard_flags             00000100     <absolute>
 0000:00000000       ___ImageBase               10000000     <linker-defined>
 0001:00000000       _modbus_set_bits_from_byte 10001000 f   modbus-data.obj
 0001:00000060       _modbus_set_bits_from_bytes 10001060 f   modbus-data.obj
 0001:000000f0       _modbus_get_byte_from_bits 100010f0 f   modbus-data.obj
 0001:00000160       _modbus_get_float          10001160 f   modbus-data.obj
 0001:000001a0       _modbus_get_float_abcd     100011a0 f   modbus-data.obj
 0001:000001e0       _modbus_get_float_dcba     100011e0 f   modbus-data.obj
 0001:00000230       _modbus_get_float_badc     10001230 f   modbus-data.obj
 0001:00000280       _modbus_get_float_cdab     10001280 f   modbus-data.obj
 0001:000002c0       _modbus_set_float          100012c0 f   modbus-data.obj
 0001:00000300       _modbus_set_float_abcd     10001300 f   modbus-data.obj
 0001:00000350       _modbus_set_float_dcba     10001350 f   modbus-data.obj
 0001:000003a0       _modbus_set_float_badc     100013a0 f   modbus-data.obj
 0001:000003f0       _modbus_set_float_cdab     100013f0 f   modbus-data.obj
 0001:00000440       _modbus_new_rtu            10001440 f   modbus-rtu.obj
 0001:00000640       _modbus_rtu_set_serial_mode 10001640 f   modbus-rtu.obj
 0001:000006b0       _modbus_rtu_get_serial_mode 100016b0 f   modbus-rtu.obj
 0001:00000720       _modbus_rtu_set_rts        10001720 f   modbus-rtu.obj
 0001:00000790       _modbus_rtu_get_rts        10001790 f   modbus-rtu.obj
 0001:00000800       _modbus_rtu_set_custom_rts 10001800 f   modbus-rtu.obj
 0001:00000870       _modbus_rtu_set_rts_delay  10001870 f   modbus-rtu.obj
 0001:000008e0       _modbus_rtu_get_rts_delay  100018e0 f   modbus-rtu.obj
 0001:000015b0       ___local_stdio_printf_options 100025b0 f i modbus-rtu.obj
 0001:000015c0       __vfprintf_l               100025c0 f i modbus-rtu.obj
 0001:000015f0       _fprintf                   100025f0 f i modbus-rtu.obj
 0001:00001630       _printf                    10002630 f i modbus-rtu.obj
 0001:00001670       _modbus_new_tcp            10002670 f   modbus-tcp.obj
 0001:000017c0       _modbus_tcp_listen         100027c0 f   modbus-tcp.obj
 0001:00001920       _modbus_tcp_accept         10002920 f   modbus-tcp.obj
 0001:000019b0       _modbus_new_tcp_pi         100029b0 f   modbus-tcp.obj
 0001:00001c10       _modbus_tcp_pi_listen      10002c10 f   modbus-tcp.obj
 0001:00001ec0       _modbus_tcp_pi_accept      10002ec0 f   modbus-tcp.obj
 0001:00002b70       _gai_strerrorA             10003b70 f i modbus-tcp.obj
 0001:00002ba0       _modbus_set_slave          10003ba0 f   modbus.obj
 0001:00002be0       _modbus_get_slave          10003be0 f   modbus.obj
 0001:00002c00       _modbus_set_error_recovery 10003c00 f   modbus.obj
 0001:00002c30       _modbus_set_socket         10003c30 f   modbus.obj
 0001:00002c60       _modbus_get_socket         10003c60 f   modbus.obj
 0001:00002c90       _modbus_get_response_timeout 10003c90 f   modbus.obj
 0001:00002cd0       _modbus_set_response_timeout 10003cd0 f   modbus.obj
 0001:00002d20       _modbus_get_byte_timeout   10003d20 f   modbus.obj
 0001:00002d60       _modbus_set_byte_timeout   10003d60 f   modbus.obj
 0001:00002da0       _modbus_get_indication_timeout 10003da0 f   modbus.obj
 0001:00002de0       _modbus_set_indication_timeout 10003de0 f   modbus.obj
 0001:00002e20       _modbus_get_header_length  10003e20 f   modbus.obj
 0001:00002e50       _modbus_connect            10003e50 f   modbus.obj
 0001:00002e80       _modbus_close              10003e80 f   modbus.obj
 0001:00002ea0       _modbus_free               10003ea0 f   modbus.obj
 0001:00002ec0       _modbus_flush              10003ec0 f   modbus.obj
 0001:00002f20       _modbus_set_debug          10003f20 f   modbus.obj
 0001:00002f50       _modbus_strerror           10003f50 f   modbus.obj
 0001:00003040       _modbus_read_bits          10004040 f   modbus.obj
 0001:000030d0       _modbus_read_input_bits    100040d0 f   modbus.obj
 0001:00003160       _modbus_read_registers     10004160 f   modbus.obj
 0001:000031e0       _modbus_read_input_registers 100041e0 f   modbus.obj
 0001:00003260       _modbus_write_bit          10004260 f   modbus.obj
 0001:000032b0       _modbus_write_register     100042b0 f   modbus.obj
 0001:000032f0       _modbus_write_bits         100042f0 f   modbus.obj
 0001:00003600       _modbus_write_registers    10004600 f   modbus.obj
 0001:000037e0       _modbus_mask_write_register 100047e0 f   modbus.obj
 0001:00003940       _modbus_write_and_read_registers 10004940 f   modbus.obj
 0001:00003c80       _modbus_report_slave_id    10004c80 f   modbus.obj
 0001:00003df0       _modbus_mapping_new_start_address 10004df0 f   modbus.obj
 0001:00004010       _modbus_mapping_new        10005010 f   modbus.obj
 0001:00004040       _modbus_mapping_free       10005040 f   modbus.obj
 0001:000040a0       _modbus_send_raw_request   100050a0 f   modbus.obj
 0001:000041b0       _modbus_receive            100051b0 f   modbus.obj
 0001:000041f0       _modbus_receive_confirmation 100051f0 f   modbus.obj
 0001:00004220       _modbus_reply              10005220 f   modbus.obj
 0001:00005460       _modbus_reply_exception    10006460 f   modbus.obj
 0001:00005590       __modbus_init_common       10006590 f   modbus.obj
 0001:00005600       __error_print              10006600 f   modbus.obj
 0001:00005680       __modbus_receive_msg       10006680 f   modbus.obj
 0001:00005b30       _strlcpy                   10006b30 f   modbus.obj
 0001:000069a0       _vfprintf                  100079a0 f i modbus.obj
 0001:000069bb       _htonl@4                   100079bb f   ws2_32:WS2_32.dll
 0001:000069c1       _ntohl@4                   100079c1 f   ws2_32:WS2_32.dll
 0001:000069c7       _accept@12                 100079c7 f   ws2_32:WS2_32.dll
 0001:000069cd       _bind@12                   100079cd f   ws2_32:WS2_32.dll
 0001:000069d3       _closesocket@4             100079d3 f   ws2_32:WS2_32.dll
 0001:000069d9       _connect@12                100079d9 f   ws2_32:WS2_32.dll
 0001:000069df       _ioctlsocket@12            100079df f   ws2_32:WS2_32.dll
 0001:000069e5       _getsockopt@20             100079e5 f   ws2_32:WS2_32.dll
 0001:000069eb       _htons@4                   100079eb f   ws2_32:WS2_32.dll
 0001:000069f1       _inet_addr@4               100079f1 f   ws2_32:WS2_32.dll
 0001:000069f7       _inet_ntoa@4               100079f7 f   ws2_32:WS2_32.dll
 0001:000069fd       _listen@8                  100079fd f   ws2_32:WS2_32.dll
 0001:00006a03       _recv@16                   10007a03 f   ws2_32:WS2_32.dll
 0001:00006a09       _select@20                 10007a09 f   ws2_32:WS2_32.dll
 0001:00006a0f       _send@16                   10007a0f f   ws2_32:WS2_32.dll
 0001:00006a15       _setsockopt@20             10007a15 f   ws2_32:WS2_32.dll
 0001:00006a1b       _shutdown@8                10007a1b f   ws2_32:WS2_32.dll
 0001:00006a21       _socket@12                 10007a21 f   ws2_32:WS2_32.dll
 0001:00006a27       _WSAStartup@8              10007a27 f   ws2_32:WS2_32.dll
 0001:00006a2d       _WSAGetLastError@0         10007a2d f   ws2_32:WS2_32.dll
 0001:00006a33       _getaddrinfo@16            10007a33 f   ws2_32:WS2_32.dll
 0001:00006a39       _freeaddrinfo@4            10007a39 f   ws2_32:WS2_32.dll
 0001:00006a3f       _CreateFileA@28            10007a3f f   kernel32:KERNEL32.dll
 0001:00006a45       _ReadFile@20               10007a45 f   kernel32:KERNEL32.dll
 0001:00006a4b       _WriteFile@20              10007a4b f   kernel32:KERNEL32.dll
 0001:00006a51       _CloseHandle@4             10007a51 f   kernel32:KERNEL32.dll
 0001:00006a57       _GetLastError@0            10007a57 f   kernel32:KERNEL32.dll
 0001:00006a5d       _GetCommState@8            10007a5d f   kernel32:KERNEL32.dll
 0001:00006a63       _PurgeComm@8               10007a63 f   kernel32:KERNEL32.dll
 0001:00006a69       _SetCommState@8            10007a69 f   kernel32:KERNEL32.dll
 0001:00006a6f       _SetCommTimeouts@8         10007a6f f   kernel32:KERNEL32.dll
 0001:00006a75       _FormatMessageA@28         10007a75 f   kernel32:KERNEL32.dll
 0001:00006a7b       _Sleep@4                   10007a7b f   kernel32:KERNEL32.dll
 0001:00006a90       __CRT_RTC_INIT             10007a90 f   LIBCMTD:init.obj
 0001:00006aa0       __CRT_RTC_INITW            10007aa0 f   LIBCMTD:init.obj
 0001:00006ab0       __RTC_InitBase             10007ab0 f   LIBCMTD:init.obj
 0001:00006ae0       __RTC_Shutdown             10007ae0 f   LIBCMTD:init.obj
 0001:00006b00       @__security_check_cookie@4 10007b00 f   LIBCMTD:secchk.obj
 0001:00006bb0       ?_RTC_AllocaFailure@@YAXPAXPAU_RTC_ALLOCA_NODE@@H@Z 10007bb0 f   LIBCMTD:error.obj
 0001:00006ca0       ?_RTC_Failure@@YAXPAXH@Z   10007ca0 f   LIBCMTD:error.obj
 0001:00006cf0       ?_RTC_StackFailure@@YAXPAXPBD@Z 10007cf0 f   LIBCMTD:error.obj
 0001:000070c0       __RTC_UninitUse            100080c0 f   LIBCMTD:error.obj
 0001:00007170       __vsprintf_s_l             10008170 f i LIBCMTD:error.obj
 0001:000071a0       _sprintf_s                 100081a0 f i LIBCMTD:error.obj
 0001:000071c0       ___raise_securityfailure   100081c0 f   LIBCMTD:gs_report.obj
 0001:000071f0       ___report_gsfailure        100081f0 f   LIBCMTD:gs_report.obj
 0001:00007300       ___report_rangecheckfailure 10008300 f   LIBCMTD:gs_report.obj
 0001:00007310       ___report_securityfailure  10008310 f   LIBCMTD:gs_report.obj
 0001:000073f0       ___report_securityfailureEx 100083f0 f   LIBCMTD:gs_report.obj
 0001:000079c0       __CRT_INIT@12              100089c0 f   LIBCMTD:dll_dllmain.obj
 0001:000079e0       __DllMainCRTStartup@12     100089e0 f   LIBCMTD:dll_dllmain.obj
 0001:00007a10       ?_RTC_GetErrorFunc@@YAP6AHHPBDH00ZZPBX@Z 10008a10 f   LIBCMTD:userapi.obj
 0001:00007a20       ?_RTC_GetErrorFuncW@@YAP6AHHPB_WH00ZZPBX@Z 10008a20 f   LIBCMTD:userapi.obj
 0001:00007a30       __RTC_GetErrDesc           10008a30 f   LIBCMTD:userapi.obj
 0001:00007a50       __RTC_NumErrors            10008a50 f   LIBCMTD:userapi.obj
 0001:00007a60       __RTC_SetErrorFunc         10008a60 f   LIBCMTD:userapi.obj
 0001:00007a80       __RTC_SetErrorFuncW        10008a80 f   LIBCMTD:userapi.obj
 0001:00007aa0       __RTC_SetErrorType         10008aa0 f   LIBCMTD:userapi.obj
 0001:00007f50       ?_RTC_GetSrcLine@@YAHPAEPA_WKPAH1K@Z 10008f50 f   LIBCMTD:pdblkup.obj
 0001:000082e0       __except_handler4_noexcept 100092e0 f   LIBCMTD:chandler4_noexcept.obj
 0001:00008330       @_guard_check_icall_nop@4  10009330 f i LIBCMTD:guard_support.obj
 0001:00008340       _ReadNoFence               10009340 f i LIBCMTD:guard_support.obj
 0001:00008360       _ReadPointerNoFence        10009360 f i LIBCMTD:guard_support.obj
 0001:00008380       __guard_icall_checks_enforced 10009380 f i LIBCMTD:guard_support.obj
 0001:00008420       ___security_init_cookie    10009420 f   LIBCMTD:gs_support.obj
 0001:000084a0       _DllMain@12                100094a0 f   LIBCMTD:dll_dllmain_stub.obj
 0001:000084b0       ?__scrt_initialize_type_info@@YAXXZ 100094b0 f   LIBCMTD:tncleanup.obj
 0001:000084c0       ?__scrt_uninitialize_type_info@@YAXXZ 100094c0 f   LIBCMTD:tncleanup.obj
 0001:000084e0       ___local_stdio_scanf_options 100094e0 f i LIBCMTD:default_local_stdio_options.obj
 0001:000084f0       ___scrt_initialize_default_local_stdio_options 100094f0 f   LIBCMTD:default_local_stdio_options.obj
 0001:00008530       ??$__crt_fast_decode_pointer@PAP6AXXZ@@YAPAP6AXXZQAP6AXXZ@Z 10009530 f i LIBCMTD:utility.obj
 0001:00008560       ??$__crt_fast_encode_pointer@PAP6AXXZ@@YAPAP6AXXZQAP6AXXZ@Z 10009560 f i LIBCMTD:utility.obj
 0001:00008590       ?__crt_rotate_pointer_value@@YAIIH@Z 10009590 f i LIBCMTD:utility.obj
 0001:000085a0       ?configure_argv@__scrt_narrow_argv_policy@@SAHXZ 100095a0 f i LIBCMTD:utility.obj
 0001:00008650       ?initialize_environment@__scrt_narrow_environment_policy@@SAHXZ 10009650 f i LIBCMTD:utility.obj
 0001:000086d0       _NtCurrentTeb              100096d0 f i LIBCMTD:utility.obj
 0001:000086e0       ___scrt_acquire_startup_lock 100096e0 f   LIBCMTD:utility.obj
 0001:00008730       ___scrt_dllmain_after_initialize_c 10009730 f   LIBCMTD:utility.obj
 0001:00008760       ___scrt_dllmain_before_initialize_c 10009760 f   LIBCMTD:utility.obj
 0001:00008780       ___scrt_dllmain_crt_thread_attach 10009780 f   LIBCMTD:utility.obj
 0001:000087b0       ___scrt_dllmain_crt_thread_detach 100097b0 f   LIBCMTD:utility.obj
 0001:000087d0       ___scrt_dllmain_exception_filter 100097d0 f   LIBCMTD:utility.obj
 0001:00008820       ___scrt_dllmain_uninitialize_c 10009820 f   LIBCMTD:utility.obj
 0001:00008850       ___scrt_dllmain_uninitialize_critical 10009850 f   LIBCMTD:utility.obj
 0001:00008870       ___scrt_initialize_crt     10009870 f   LIBCMTD:utility.obj
 0001:000088c0       ___scrt_initialize_onexit_tables 100098c0 f   LIBCMTD:utility.obj
 0001:000089a0       ___scrt_is_nonwritable_in_current_image 100099a0 f   LIBCMTD:utility.obj
 0001:00008ad0       ___scrt_release_startup_lock 10009ad0 f   LIBCMTD:utility.obj
 0001:00008b00       ___scrt_uninitialize_crt   10009b00 f   LIBCMTD:utility.obj
 0001:00008b40       __onexit                   10009b40 f   LIBCMTD:utility.obj
 0001:00008bb0       _at_quick_exit             10009bb0 f   LIBCMTD:utility.obj
 0001:00008c00       _atexit                    10009c00 f   LIBCMTD:utility.obj
 0001:00008c30       ___scrt_get_dyn_tls_init_callback 10009c30 f   LIBCMTD:dyn_tls_init.obj
 0001:00008c40       ___scrt_fastfail           10009c40 f   LIBCMTD:utility_desktop.obj
 0001:00008d80       ___scrt_get_show_window_mode 10009d80 f   LIBCMTD:utility_desktop.obj
 0001:00008dc0       ___scrt_initialize_mta     10009dc0 f   LIBCMTD:utility_desktop.obj
 0001:00008dd0       ___scrt_initialize_winrt   10009dd0 f   LIBCMTD:utility_desktop.obj
 0001:00008de0       ___scrt_is_managed_app     10009de0 f   LIBCMTD:utility_desktop.obj
 0001:00008e70       ___scrt_set_unhandled_exception_filter 10009e70 f   LIBCMTD:utility_desktop.obj
 0001:00008e80       ___scrt_stub_for_initialize_mta 10009e80 f   LIBCMTD:utility_desktop.obj
 0001:00008e80       ___scrt_exe_initialize_mta 10009e80 f   LIBCMTD:utility_desktop.obj
 0001:00008e90       ___scrt_unhandled_exception_filter@4 10009e90 f   LIBCMTD:utility_desktop.obj
 0001:00008ef0       __crt_debugger_hook        10009ef0 f   LIBCMTD:utility_desktop.obj
 0001:00008f00       __RTC_Initialize           10009f00 f   LIBCMTD:initsect.obj
 0001:00008f30       __RTC_Terminate            10009f30 f   LIBCMTD:initsect.obj
 0001:00008f60       ___isa_available_init      10009f60 f   LIBCMTD:cpu_disp.obj
 0001:00009240       __get_startup_argv_mode    1000a240 f   LIBCMTD:argv_mode.obj
 0001:00009250       ___scrt_is_ucrt_dll_in_use 1000a250 f   LIBCMTD:ucrt_detection.obj
 0001:00009280       _memcpy                    1000a280 f   libvcruntimed:memcpy.obj
 0001:00009800       _memset                    1000a800 f   libvcruntimed:memset.obj
 0001:000099c0       __except_handler4          1000a9c0 f   libvcruntimed:chandler4.obj
 0001:00009b90       ___vcrt_GetModuleFileNameW 1000ab90 f   libvcruntimed:winapi_thunks.obj
 0001:00009bb0       ___vcrt_GetModuleHandleW   1000abb0 f   libvcruntimed:winapi_thunks.obj
 0001:00009bc0       ___vcrt_LoadLibraryExW     1000abc0 f   libvcruntimed:winapi_thunks.obj
 0001:00009c00       ??$?RD@__crt_internal_free_policy@@QBEXQBD@Z 1000ac00 f i libvcruntimed:std_type_info.obj
 0001:00009c20       ??$?RX@__crt_internal_free_policy@@QBEXQBX@Z 1000ac20 f i libvcruntimed:std_type_info.obj
 0001:00009c40       ??$__crt_interlocked_compare_exchange_pointer@$$CBDPAD$$T@@YAPBDPDSBDQAD$$T@Z 1000ac40 f i libvcruntimed:std_type_info.obj
 0001:00009c60       ??$__crt_interlocked_read_pointer@$$CBD@@YAPBDPDSBD@Z 1000ac60 f i libvcruntimed:std_type_info.obj
 0001:00009c80       ??0?$__crt_unique_heap_ptr@DU__crt_internal_free_policy@@@@QAE@QAD@Z 1000ac80 f i libvcruntimed:std_type_info.obj
 0001:00009ca0       ??0?$__crt_unique_heap_ptr@XU__crt_internal_free_policy@@@@QAE@QAX@Z 1000aca0 f i libvcruntimed:std_type_info.obj
 0001:00009cc0       ??1?$__crt_unique_heap_ptr@DU__crt_internal_free_policy@@@@QAE@XZ 1000acc0 f i libvcruntimed:std_type_info.obj
 0001:00009ce0       ??1?$__crt_unique_heap_ptr@XU__crt_internal_free_policy@@@@QAE@XZ 1000ace0 f i libvcruntimed:std_type_info.obj
 0001:00009d20       ??B?$__crt_unique_heap_ptr@DU__crt_internal_free_policy@@@@QBE_NXZ 1000ad20 f i libvcruntimed:std_type_info.obj
 0001:00009d40       ??B?$__crt_unique_heap_ptr@XU__crt_internal_free_policy@@@@QBE_NXZ 1000ad40 f i libvcruntimed:std_type_info.obj
 0001:00009db0       ?__crt_interlocked_read_32@@YAHPDH@Z 1000adb0 f i libvcruntimed:std_type_info.obj
 0001:00009dd0       ?detach@?$__crt_unique_heap_ptr@XU__crt_internal_free_policy@@@@QAEPAXXZ 1000add0 f i libvcruntimed:std_type_info.obj
 0001:00009e00       ?get@?$__crt_unique_heap_ptr@DU__crt_internal_free_policy@@@@QBEPADXZ 1000ae00 f i libvcruntimed:std_type_info.obj
 0001:00009e10       ?get@?$__crt_unique_heap_ptr@XU__crt_internal_free_policy@@@@QBEPAXXZ 1000ae10 f i libvcruntimed:std_type_info.obj
 0001:00009e20       ?is_valid@?$__crt_unique_heap_ptr@DU__crt_internal_free_policy@@@@QBE_NXZ 1000ae20 f i libvcruntimed:std_type_info.obj
 0001:00009e50       ?is_valid@?$__crt_unique_heap_ptr@XU__crt_internal_free_policy@@@@QBE_NXZ 1000ae50 f i libvcruntimed:std_type_info.obj
 0001:00009e80       ?release@?$__crt_unique_heap_ptr@DU__crt_internal_free_policy@@@@QAEXXZ 1000ae80 f i libvcruntimed:std_type_info.obj
 0001:00009eb0       ?release@?$__crt_unique_heap_ptr@XU__crt_internal_free_policy@@@@QAEXXZ 1000aeb0 f i libvcruntimed:std_type_info.obj
 0001:00009ee0       ___std_type_info_compare   1000aee0 f   libvcruntimed:std_type_info.obj
 0001:00009f10       ___std_type_info_destroy_list 1000af10 f   libvcruntimed:std_type_info.obj
 0001:00009f50       ___std_type_info_hash      1000af50 f   libvcruntimed:std_type_info.obj
 0001:00009fb0       ___std_type_info_name      1000afb0 f   libvcruntimed:std_type_info.obj
 0001:0000a190       ___vcrt_initialize         1000b190 f   libvcruntimed:initialization.obj
 0001:0000a1d0       ___vcrt_thread_attach      1000b1d0 f   libvcruntimed:initialization.obj
 0001:0000a1f0       ___vcrt_thread_detach      1000b1f0 f   libvcruntimed:initialization.obj
 0001:0000a210       ___vcrt_uninitialize       1000b210 f   libvcruntimed:initialization.obj
 0001:0000a230       ___vcrt_uninitialize_critical 1000b230 f   libvcruntimed:initialization.obj
 0001:0000a250       __local_unwind4            1000b250 f   libvcruntimed:exsup4.obj
 0001:0000a328       __seh_longjmp_unwind4@4    1000b328 f   libvcruntimed:exsup4.obj
 0001:0000a350       @_EH4_CallFilterFunc@8     1000b350 f   libvcruntimed:exsup4.obj
 0001:0000a368       @_EH4_TransferToHandler@8  1000b368 f   libvcruntimed:exsup4.obj
 0001:0000a384       @_EH4_GlobalUnwind2@8      1000b384 f   libvcruntimed:exsup4.obj
 0001:0000a3a0       @_EH4_LocalUnwind@16       1000b3a0 f   libvcruntimed:exsup4.obj
 0001:0000a3d0       ___except_validate_context_record 1000b3d0 f   libvcruntimed:jbcxrval.obj
 0001:0000a420       ___except_validate_jump_buffer 1000b420 f   libvcruntimed:jbcxrval.obj
 0001:0000a440       ___except_validate_jump_buffer_common 1000b440 f i libvcruntimed:jbcxrval.obj
 0001:0000a4a0       ??0Block@_HeapManager@@QAE@XZ 1000b4a0 f i libvcruntimed:undname.obj
 0001:0000a4c0       ??0DName@@QAE@AAPBDD@Z     1000b4c0 f   libvcruntimed:undname.obj
 0001:0000a6f0       ??0DName@@QAE@ABV0@@Z      1000b6f0 f i libvcruntimed:undname.obj
 0001:0000a720       ??0DName@@QAE@D@Z          1000b720 f   libvcruntimed:undname.obj
 0001:0000a760       ??0DName@@QAE@PAV0@@Z      1000b760 f   libvcruntimed:undname.obj
 0001:0000a810       ??0DName@@QAE@PBD@Z        1000b810 f   libvcruntimed:undname.obj
 0001:0000a860       ??0DName@@QAE@W4DNameStatus@@@Z 1000b860 f   libvcruntimed:undname.obj
 0001:0000a900       ??0DName@@QAE@XZ           1000b900 f i libvcruntimed:undname.obj
 0001:0000a930       ??0DName@@QAE@_J@Z         1000b930 f   libvcruntimed:undname.obj
 0001:0000aa20       ??0DName@@QAE@_K@Z         1000ba20 f   libvcruntimed:undname.obj
 0001:0000aad0       ??0DNameNode@@IAE@XZ       1000bad0 f i libvcruntimed:undname.obj
 0001:0000aaf0       ??0Replicator@@QAE@XZ      1000baf0 f i libvcruntimed:undname.obj
 0001:0000ab30       ??0UnDecorator@@QAE@PBDP6APADJ@ZK@Z 1000bb30 f i libvcruntimed:undname.obj
 0001:0000abb0       ??0charNode@@QAE@D@Z       1000bbb0 f i libvcruntimed:undname.obj
 0001:0000abe0       ??0pDNameNode@@QAE@PAVDName@@@Z 1000bbe0 f   libvcruntimed:undname.obj
 0001:0000ac40       ??0pairNode@@QAE@PBVDNameNode@@0@Z 1000bc40 f i libvcruntimed:undname.obj
 0001:0000ac80       ??0pcharNode@@QAE@PBDH@Z   1000bc80 f   libvcruntimed:undname.obj
 0001:0000ad40       ??2@YAPAXIAAV_HeapManager@@H@Z 1000bd40 f i libvcruntimed:undname.obj
 0001:0000ad60       ??4DName@@QAEAAV0@ABV0@@Z  1000bd60 f   libvcruntimed:undname.obj
 0001:0000ad90       ??4DName@@QAEAAV0@D@Z      1000bd90 f i libvcruntimed:undname.obj
 0001:0000add0       ??4DName@@QAEAAV0@PAV0@@Z  1000bdd0 f   libvcruntimed:undname.obj
 0001:0000ae70       ??4DName@@QAEAAV0@PBD@Z    1000be70 f   libvcruntimed:undname.obj
 0001:0000aeb0       ??4DName@@QAEAAV0@W4DNameStatus@@@Z 1000beb0 f   libvcruntimed:undname.obj
 0001:0000af30       ??AReplicator@@QBE?AVDName@@H@Z 1000bf30 f   libvcruntimed:undname.obj
 0001:0000afa0       ??H@YA?AVDName@@DABV0@@Z   1000bfa0 f i libvcruntimed:undname.obj
 0001:0000afd0       ??H@YA?AVDName@@PBDABV0@@Z 1000bfd0 f i libvcruntimed:undname.obj
 0001:0000b000       ??H@YA?AVDName@@W4DNameStatus@@ABV0@@Z 1000c000 f i libvcruntimed:undname.obj
 0001:0000b030       ??HDName@@QBE?AV0@ABV0@@Z  1000c030 f   libvcruntimed:undname.obj
 0001:0000b070       ??HDName@@QBE?AV0@D@Z      1000c070 f   libvcruntimed:undname.obj
 0001:0000b0b0       ??HDName@@QBE?AV0@PAV0@@Z  1000c0b0 f   libvcruntimed:undname.obj
 0001:0000b0f0       ??HDName@@QBE?AV0@PBD@Z    1000c0f0 f   libvcruntimed:undname.obj
 0001:0000b130       ??HDName@@QBE?AV0@W4DNameStatus@@@Z 1000c130 f   libvcruntimed:undname.obj
 0001:0000b170       ??YDName@@QAEAAV0@ABV0@@Z  1000c170 f   libvcruntimed:undname.obj
 0001:0000b1e0       ??YDName@@QAEAAV0@D@Z      1000c1e0 f   libvcruntimed:undname.obj
 0001:0000b260       ??YDName@@QAEAAV0@PAV0@@Z  1000c260 f   libvcruntimed:undname.obj
 0001:0000b320       ??YDName@@QAEAAV0@PBD@Z    1000c320 f   libvcruntimed:undname.obj
 0001:0000b3c0       ??YDName@@QAEAAV0@W4DNameStatus@@@Z 1000c3c0 f   libvcruntimed:undname.obj
 0001:0000b420       ??YReplicator@@QAEAAV0@ABVDName@@@Z 1000c420 f   libvcruntimed:undname.obj
 0001:0000b4b0       ??_5DName@@QAEAAV0@ABV0@@Z 1000c4b0 f   libvcruntimed:undname.obj
 0001:0000b510       ?Constructor@_HeapManager@@QAEXP6APAXI@ZP6AXPAX@Z@Z 1000c510 f i libvcruntimed:undname.obj
 0001:0000b550       ?Destructor@_HeapManager@@QAEXXZ 1000c550 f i libvcruntimed:undname.obj
 0001:0000b5b0       ?UScore@UnDecorator@@SAPBDW4Tokens@@@Z 1000c5b0 f   libvcruntimed:undname.obj
 0001:0000b5e0       ?append@DName@@AAEXPBVDNameNode@@@Z 1000c5e0 f   libvcruntimed:undname.obj
 0001:0000b670       ?composeDeclaration@UnDecorator@@CA?AVDName@@ABV2@@Z 1000c670 f i libvcruntimed:undname.obj
 0001:0000d590       ?dbGetString@DName@@QBEPADXZ 1000e590 f   libvcruntimed:undname.obj
 0001:0000d5b0       ?doAccessSpecifiers@UnDecorator@@SAHXZ 1000e5b0 f i libvcruntimed:undname.obj
 0001:0000d5e0       ?doAllocationLanguage@UnDecorator@@SAHXZ 1000e5e0 f i libvcruntimed:undname.obj
 0001:0000d610       ?doAllocationModel@UnDecorator@@SAHXZ 1000e610 f i libvcruntimed:undname.obj
 0001:0000d640       ?doEcsu@UnDecorator@@SAHXZ 1000e640 f i libvcruntimed:undname.obj
 0001:0000d670       ?doEllipsis@UnDecorator@@SAHXZ 1000e670 f i libvcruntimed:undname.obj
 0001:0000d6a0       ?doFunctionReturns@UnDecorator@@SAHXZ 1000e6a0 f i libvcruntimed:undname.obj
 0001:0000d6d0       ?doMSKeywords@UnDecorator@@SAHXZ 1000e6d0 f i libvcruntimed:undname.obj
 0001:0000d700       ?doMemberTypes@UnDecorator@@SAHXZ 1000e700 f i libvcruntimed:undname.obj
 0001:0000d730       ?doNameOnly@UnDecorator@@SAHXZ 1000e730 f i libvcruntimed:undname.obj
 0001:0000d740       ?doNoIdentCharCheck@UnDecorator@@SAHXZ 1000e740 f i libvcruntimed:undname.obj
 0001:0000d750       ?doPchar@DName@@AAEXPBDH@Z 1000e750 f   libvcruntimed:undname.obj
 0001:0000d890       ?doPtr64@UnDecorator@@SAHXZ 1000e890 f i libvcruntimed:undname.obj
 0001:0000d8c0       ?doRestrictionSpec@UnDecorator@@SAHXZ 1000e8c0 f i libvcruntimed:undname.obj
 0001:0000d8f0       ?doThisTypes@UnDecorator@@SAHXZ 1000e8f0 f i libvcruntimed:undname.obj
 0001:0000d920       ?doThrowTypes@UnDecorator@@SAHXZ 1000e920 f i libvcruntimed:undname.obj
 0001:0000d950       ?doTypeOnly@UnDecorator@@SAHXZ 1000e950 f i libvcruntimed:undname.obj
 0001:0000d960       ?doUnderScore@UnDecorator@@SAHXZ 1000e960 f i libvcruntimed:undname.obj
 0001:0000d990       ?getArgumentList@UnDecorator@@CA?AVDName@@XZ 1000e990 f   libvcruntimed:undname.obj
 0001:0000dae0       ?getArgumentTypes@UnDecorator@@CA?AVDName@@XZ 1000eae0 f   libvcruntimed:undname.obj
 0001:0000dc30       ?getArrayType@UnDecorator@@CA?AVDName@@ABV2@@Z 1000ec30 f i libvcruntimed:undname.obj
 0001:0000deb0       ?getBasedType@UnDecorator@@CA?AVDName@@XZ 1000eeb0 f   libvcruntimed:undname.obj
 0001:0000df80       ?getBasicDataType@UnDecorator@@CA?AVDName@@ABV2@@Z 1000ef80 f   libvcruntimed:undname.obj
 0001:0000e5a0       ?getCHPEName@UnDecorator@@QAEPADPADH@Z 1000f5a0 f i libvcruntimed:undname.obj
 0001:0000e700       ?getCallIndex@UnDecorator@@CA?AVDName@@XZ 1000f700 f i libvcruntimed:undname.obj
 0001:0000e720       ?getCallingConvention@UnDecorator@@CA?AVDName@@XZ 1000f720 f   libvcruntimed:undname.obj
 0001:0000e940       ?getDataIndirectType@UnDecorator@@CA?AVDName@@ABV2@PBD0H@Z 1000f940 f   libvcruntimed:undname.obj
 0001:0000f240       ?getDataIndirectType@UnDecorator@@CA?AVDName@@XZ 10010240 f i libvcruntimed:undname.obj
 0001:0000f280       ?getDataType@UnDecorator@@CA?AVDName@@PAV2@@Z 10010280 f   libvcruntimed:undname.obj
 0001:0000f3a0       ?getDecoratedName@UnDecorator@@CA?AVDName@@XZ 100103a0 f   libvcruntimed:undname.obj
 0001:0000f7d0       ?getDimension@UnDecorator@@CA?AVDName@@_N@Z 100107d0 f   libvcruntimed:undname.obj
 0001:0000fa80       ?getDispatchTarget@UnDecorator@@CA?AVDName@@XZ 10010a80 f   libvcruntimed:undname.obj
 0001:0000fb20       ?getDisplacement@UnDecorator@@CA?AVDName@@XZ 10010b20 f i libvcruntimed:undname.obj
 0001:0000fb40       ?getECSUDataType@UnDecorator@@CA?AVDName@@XZ 10010b40 f   libvcruntimed:undname.obj
 0001:0000fd20       ?getECSUName@UnDecorator@@CA?AVDName@@XZ 10010d20 f i libvcruntimed:undname.obj
 0001:0000fd40       ?getEnumType@UnDecorator@@CA?AVDName@@XZ 10010d40 f i libvcruntimed:undname.obj
 0001:0000fea0       ?getExtendedDataIndirectType@UnDecorator@@CA?AVDName@@AAPBDAA_NH@Z 10010ea0 f   libvcruntimed:undname.obj
 0001:00010100       ?getExternalDataType@UnDecorator@@CA?AVDName@@ABV2@@Z 10011100 f i libvcruntimed:undname.obj
 0001:000101a0       ?getFunctionIndirectType@UnDecorator@@CA?AVDName@@ABV2@@Z 100111a0 f   libvcruntimed:undname.obj
 0001:000106f0       ?getGuardNumber@UnDecorator@@CA?AVDName@@XZ 100116f0 f i libvcruntimed:undname.obj
 0001:00010710       ?getLastChar@DName@@QBEDXZ 10011710 f i libvcruntimed:undname.obj
 0001:00010750       ?getLastChar@DNameStatusNode@@UBEDXZ 10011750 f i libvcruntimed:undname.obj
 0001:00010780       ?getLastChar@charNode@@UBEDXZ 10011780 f i libvcruntimed:undname.obj
 0001:000107a0       ?getLastChar@pDNameNode@@UBEDXZ 100117a0 f i libvcruntimed:undname.obj
 0001:000107d0       ?getLastChar@pairNode@@UBEDXZ 100117d0 f i libvcruntimed:undname.obj
 0001:00010840       ?getLastChar@pcharNode@@UBEDXZ 10011840 f i libvcruntimed:undname.obj
 0001:00010880       ?getLexicalFrame@UnDecorator@@CA?AVDName@@XZ 10011880 f i libvcruntimed:undname.obj
 0001:000108c0       ?getMemory@_HeapManager@@QAEPAXIH@Z 100118c0 f   libvcruntimed:undname.obj
 0001:000109e0       ?getNoexcept@UnDecorator@@CA?AVDName@@XZ 100119e0 f   libvcruntimed:undname.obj
 0001:00010a50       ?getNumberOfDimensions@UnDecorator@@CAHXZ 10011a50 f   libvcruntimed:undname.obj
 0001:00010b50       ?getOperatorName@UnDecorator@@CA?AVDName@@_NPA_N@Z 10011b50 f i libvcruntimed:undname.obj
 0001:00011640       ?getPointerType@UnDecorator@@CA?AVDName@@ABV2@0@Z 10012640 f i libvcruntimed:undname.obj
 0001:00011670       ?getPointerTypeArray@UnDecorator@@CA?AVDName@@ABV2@0@Z 10012670 f i libvcruntimed:undname.obj
 0001:000116a0       ?getPrimaryDataType@UnDecorator@@CA?AVDName@@ABV2@@Z 100126a0 f   libvcruntimed:undname.obj
 0001:00011aa0       ?getPtrRefDataType@UnDecorator@@CA?AVDName@@ABV2@H@Z 10012aa0 f   libvcruntimed:undname.obj
 0001:00011cd0       ?getPtrRefType@UnDecorator@@CA?AVDName@@ABV2@0PBD@Z 10012cd0 f   libvcruntimed:undname.obj
 0001:00011e40       ?getReferenceType@UnDecorator@@CA?AVDName@@ABV2@0PBD@Z 10012e40 f i libvcruntimed:undname.obj
 0001:00011e60       ?getRestrictionSpec@UnDecorator@@CA?AVDName@@XZ 10012e60 f   libvcruntimed:undname.obj
 0001:00011fe0       ?getReturnType@UnDecorator@@CA?AVDName@@PAV2@@Z 10012fe0 f   libvcruntimed:undname.obj
 0001:00012030       ?getScope@UnDecorator@@CA?AVDName@@XZ 10013030 f   libvcruntimed:undname.obj
 0001:000125d0       ?getScopedName@UnDecorator@@CA?AVDName@@XZ 100135d0 f   libvcruntimed:undname.obj
 0001:00012710       ?getSignedDimension@UnDecorator@@CA?AVDName@@XZ 10013710 f   libvcruntimed:undname.obj
 0001:00012790       ?getStorageConvention@UnDecorator@@CA?AVDName@@XZ 10013790 f i libvcruntimed:undname.obj
 0001:000127b0       ?getString@DName@@QBEPADPAD0@Z 100137b0 f i libvcruntimed:undname.obj
 0001:00012810       ?getString@DName@@QBEPADPADH@Z 10013810 f i libvcruntimed:undname.obj
 0001:000128a0       ?getString@DNameStatusNode@@UBEPADPAD0@Z 100138a0 f i libvcruntimed:undname.obj
 0001:000128e0       ?getString@charNode@@UBEPADPAD0@Z 100138e0 f i libvcruntimed:undname.obj
 0001:00012910       ?getString@pDNameNode@@UBEPADPAD0@Z 10013910 f i libvcruntimed:undname.obj
 0001:00012950       ?getString@pairNode@@UBEPADPAD0@Z 10013950 f i libvcruntimed:undname.obj
 0001:000129e0       ?getString@pcharNode@@UBEPADPAD0@Z 100139e0 f i libvcruntimed:undname.obj
 0001:00012a10       ?getStringEncoding@UnDecorator@@CA?AVDName@@PBDH@Z 10013a10 f   libvcruntimed:undname.obj
 0001:00012b20       ?getStringHelper@@YAPADPADPBD1H@Z 10013b20 f i libvcruntimed:undname.obj
 0001:00012b60       ?getSymbolName@UnDecorator@@CA?AVDName@@XZ 10013b60 f i libvcruntimed:undname.obj
 0001:00012bf0       ?getTemplateArgumentList@UnDecorator@@CA?AVDName@@XZ 10013bf0 f   libvcruntimed:undname.obj
 0001:00013010       ?getTemplateConstant@UnDecorator@@CA?AVDName@@XZ 10014010 f   libvcruntimed:undname.obj
 0001:00013630       ?getTemplateName@UnDecorator@@CA?AVDName@@_N@Z 10014630 f   libvcruntimed:undname.obj
 0001:00013810       ?getThisType@UnDecorator@@CA?AVDName@@XZ 10014810 f i libvcruntimed:undname.obj
 0001:00013850       ?getThrowTypes@UnDecorator@@CA?AVDName@@XZ 10014850 f   libvcruntimed:undname.obj
 0001:00013890       ?getTypeEncoding@UnDecorator@@CAHXZ 10014890 f i libvcruntimed:undname.obj
 0001:00014320       ?getUndecoratedName@UnDecorator@@QAEPADPADH@Z 10015320 f i libvcruntimed:undname.obj
 0001:00014470       ?getVCallThunkType@UnDecorator@@CA?AVDName@@XZ 10015470 f i libvcruntimed:undname.obj
 0001:000144d0       ?getVbTableType@UnDecorator@@CA?AVDName@@ABV2@@Z 100154d0 f i libvcruntimed:undname.obj
 0001:000144f0       ?getVdispMapType@UnDecorator@@CA?AVDName@@ABV2@@Z 100154f0 f i libvcruntimed:undname.obj
 0001:00014570       ?getVfTableType@UnDecorator@@CA?AVDName@@ABV2@@Z 10015570 f i libvcruntimed:undname.obj
 0001:00014750       ?getZName@UnDecorator@@CA?AVDName@@_N0@Z 10015750 f   libvcruntimed:undname.obj
 0001:00014a50       ?haveTemplateParameters@UnDecorator@@SAHXZ 10015a50 f i libvcruntimed:undname.obj
 0001:00014a60       ?isArray@DName@@QBEHXZ     10015a60 f i libvcruntimed:undname.obj
 0001:00014a80       ?isComArray@DName@@QBEHXZ  10015a80 f i libvcruntimed:undname.obj
 0001:00014aa0       ?isEmpty@DName@@QBEHXZ     10015aa0 f i libvcruntimed:undname.obj
 0001:00014ad0       ?isFull@Replicator@@QBEHXZ 10015ad0 f i libvcruntimed:undname.obj
 0001:00014b00       ?isNoTE@DName@@QBEHXZ      10015b00 f i libvcruntimed:undname.obj
 0001:00014b20       ?isPinPtr@DName@@QBEHXZ    10015b20 f i libvcruntimed:undname.obj
 0001:00014b40       ?isPtrRef@DName@@QBEHXZ    10015b40 f i libvcruntimed:undname.obj
 0001:00014b60       ?isUDC@DName@@QBEHXZ       10015b60 f i libvcruntimed:undname.obj
 0001:00014ba0       ?isUDTThunk@DName@@QBEHXZ  10015ba0 f i libvcruntimed:undname.obj
 0001:00014be0       ?isVCallThunk@DName@@QBEHXZ 10015be0 f i libvcruntimed:undname.obj
 0001:00014c00       ?isValid@DName@@QBEHXZ     10015c00 f i libvcruntimed:undname.obj
 0001:00014c40       ?length@DName@@QBEHXZ      10015c40 f i libvcruntimed:undname.obj
 0001:00014c80       ?length@DNameStatusNode@@UBEHXZ 10015c80 f i libvcruntimed:undname.obj
 0001:00014ca0       ?length@charNode@@UBEHXZ   10015ca0 f i libvcruntimed:undname.obj
 0001:00014cb0       ?length@pDNameNode@@UBEHXZ 10015cb0 f i libvcruntimed:undname.obj
 0001:00014ce0       ?length@pairNode@@UBEHXZ   10015ce0 f i libvcruntimed:undname.obj
 0001:00014d50       ?length@pcharNode@@UBEHXZ  10015d50 f i libvcruntimed:undname.obj
 0001:00014d70       ?make@DNameStatusNode@@SAPBV1@W4DNameStatus@@@Z 10015d70 f i libvcruntimed:undname.obj
 0001:00014da0       ?parseDecoratedName@UnDecorator@@CA?AVDName@@XZ 10015da0 f   libvcruntimed:undname.obj
 0001:00014f30       ?setIsArray@DName@@QAEXXZ  10015f30 f i libvcruntimed:undname.obj
 0001:00014f50       ?setIsComArray@DName@@QAEXXZ 10015f50 f i libvcruntimed:undname.obj
 0001:00014f70       ?setIsNoTE@DName@@QAEXXZ   10015f70 f i libvcruntimed:undname.obj
 0001:00014f90       ?setIsPinPtr@DName@@QAEXXZ 10015f90 f i libvcruntimed:undname.obj
 0001:00014fb0       ?setIsUDC@DName@@QAEXXZ    10015fb0 f i libvcruntimed:undname.obj
 0001:00014fe0       ?setIsVCallThunk@DName@@QAEXXZ 10015fe0 f i libvcruntimed:undname.obj
 0001:00015000       ?setPtrRef@DName@@QAEAAV1@XZ 10016000 f i libvcruntimed:undname.obj
 0001:00015020       ?status@DName@@QBE?AW4DNameStatus@@XZ 10016020 f i libvcruntimed:undname.obj
 0001:00015120       ___unDName                 10016120 f   libvcruntimed:undname.obj
 0001:00015150       ___unDNameEx               10016150 f   libvcruntimed:undname.obj
 0001:00015220       _unDNameGenerateCHPE       10016220 f   libvcruntimed:undname.obj
 0001:00015280       ??$?RU__vcrt_ptd@@@__crt_internal_free_policy@@QBEXQBU__vcrt_ptd@@@Z 10016280 f i libvcruntimed:per_thread_data.obj
 0001:000152a0       ??0?$__crt_unique_heap_ptr@U__vcrt_ptd@@U__crt_internal_free_policy@@@@QAE@QAU__vcrt_ptd@@@Z 100162a0 f i libvcruntimed:per_thread_data.obj
 0001:000152e0       ??1?$__crt_unique_heap_ptr@U__vcrt_ptd@@U__crt_internal_free_policy@@@@QAE@XZ 100162e0 f i libvcruntimed:per_thread_data.obj
 0001:00015320       ??B?$__crt_unique_heap_ptr@U__vcrt_ptd@@U__crt_internal_free_policy@@@@QBE_NXZ 10016320 f i libvcruntimed:per_thread_data.obj
 0001:00015340       ?detach@?$__crt_unique_heap_ptr@U__vcrt_ptd@@U__crt_internal_free_policy@@@@QAEPAU__vcrt_ptd@@XZ 10016340 f i libvcruntimed:per_thread_data.obj
 0001:00015370       ?get@?$__crt_unique_heap_ptr@U__vcrt_ptd@@U__crt_internal_free_policy@@@@QBEPAU__vcrt_ptd@@XZ 10016370 f i libvcruntimed:per_thread_data.obj
 0001:00015380       ?is_valid@?$__crt_unique_heap_ptr@U__vcrt_ptd@@U__crt_internal_free_policy@@@@QBE_NXZ 10016380 f i libvcruntimed:per_thread_data.obj
 0001:000153b0       ?release@?$__crt_unique_heap_ptr@U__vcrt_ptd@@U__crt_internal_free_policy@@@@QAEXXZ 100163b0 f i libvcruntimed:per_thread_data.obj
 0001:00015410       ___vcrt_freefls@4          10016410 f   libvcruntimed:per_thread_data.obj
 0001:00015440       ___vcrt_freeptd            10016440 f   libvcruntimed:per_thread_data.obj
 0001:000154a0       ___vcrt_getptd             100164a0 f   libvcruntimed:per_thread_data.obj
 0001:000154c0       ___vcrt_getptd_noexit      100164c0 f   libvcruntimed:per_thread_data.obj
 0001:00015620       ___vcrt_getptd_noinit      10016620 f   libvcruntimed:per_thread_data.obj
 0001:00015680       ___vcrt_initialize_ptd     10016680 f   libvcruntimed:per_thread_data.obj
 0001:000156d0       ___vcrt_uninitialize_ptd   100166d0 f   libvcruntimed:per_thread_data.obj
 0001:00015700       ___vcrt_initialize_locks   10016700 f   libvcruntimed:locks.obj
 0001:00015760       ___vcrt_lock               10016760 f   libvcruntimed:locks.obj
 0001:00015780       ___vcrt_uninitialize_locks 10016780 f   libvcruntimed:locks.obj
 0001:000157d0       ___vcrt_unlock             100167d0 f   libvcruntimed:locks.obj
 0001:000157f0       ??$?BX@__crt_fast_encoded_nullptr_t@@QBEPAXXZ 100167f0 f i libvcruntimed:winapi_downlevel.obj
 0001:00015810       ??$__crt_fast_decode_pointer@PAX@@YAPAXQAX@Z 10016810 f i libvcruntimed:winapi_downlevel.obj
 0001:00015840       ??$__crt_fast_encode_pointer@PAX@@YAPAXQAX@Z 10016840 f i libvcruntimed:winapi_downlevel.obj
 0001:00015870       ??$__crt_interlocked_exchange_pointer@UHINSTANCE__@@PAU1@@@YAPAUHINSTANCE__@@PDSAU0@QAU0@@Z 10016870 f i libvcruntimed:winapi_downlevel.obj
 0001:00015880       ??$__crt_interlocked_exchange_pointer@UHINSTANCE__@@PAX@@YAPAUHINSTANCE__@@PDSAU0@QAX@Z 10016880 f i libvcruntimed:winapi_downlevel.obj
 0001:00015890       ??$__crt_interlocked_exchange_pointer@XPAX@@YAPAXPDSAXQAX@Z 10016890 f i libvcruntimed:winapi_downlevel.obj
 0001:000158a0       ??$__crt_interlocked_read_pointer@UHINSTANCE__@@@@YAPAUHINSTANCE__@@PDSAU0@@Z 100168a0 f i libvcruntimed:winapi_downlevel.obj
 0001:000158c0       ??$__crt_interlocked_read_pointer@X@@YAPAXPDSAX@Z 100168c0 f i libvcruntimed:winapi_downlevel.obj
 0001:000158e0       ?__crt_fast_encode_pointer@@YA?AU__crt_fast_encoded_nullptr_t@@$$T@Z 100168e0 f i libvcruntimed:winapi_downlevel.obj
 0001:00015ce0       ___vcrt_FlsAlloc           10016ce0 f   libvcruntimed:winapi_downlevel.obj
 0001:00015d20       ___vcrt_FlsFree            10016d20 f   libvcruntimed:winapi_downlevel.obj
 0001:00015d60       ___vcrt_FlsGetValue        10016d60 f   libvcruntimed:winapi_downlevel.obj
 0001:00015da0       ___vcrt_FlsSetValue        10016da0 f   libvcruntimed:winapi_downlevel.obj
 0001:00015df0       ___vcrt_InitializeCriticalSectionEx 10016df0 f   libvcruntimed:winapi_downlevel.obj
 0001:00015e40       ___vcrt_initialize_winapi_thunks 10016e40 f   libvcruntimed:winapi_downlevel.obj
 0001:00015ea0       ___vcrt_uninitialize_winapi_thunks 10016ea0 f   libvcruntimed:winapi_downlevel.obj
 0001:00015f10       ??$?B$$A6AXXZ@__crt_fast_encoded_nullptr_t@@QBEP6AXXZXZ 10016f10 f i libvcruntimed:purevirt_data.obj
 0001:00015f30       ??$__crt_fast_encode_pointer@P6AXXZ@@YAP6AXXZQ6AXXZ@Z 10016f30 f i libvcruntimed:purevirt_data.obj
 0001:00015f60       ___vcrt_initialize_pure_virtual_call_handler 10016f60 f   libvcruntimed:purevirt_data.obj
 0001:00015f90       __global_unwind2           10016f90 f   libvcruntimed:exsup.obj
 0001:00015ff6       __local_unwind2            10016ff6 f   libvcruntimed:exsup.obj
 0001:0001607a       __abnormal_termination     1001707a f   libvcruntimed:exsup.obj
 0001:000160a0       __NLG_Notify1              100170a0 f   libvcruntimed:exsup.obj
 0001:000160ac       __NLG_Notify               100170ac f   libvcruntimed:exsup.obj
 0001:000160c3       __NLG_Dispatch2            100170c3     libvcruntimed:exsup.obj
 0001:000160c3       __NLG_Dispatch             100170c3     libvcruntimed:exsup.obj
 0001:000160cb       __NLG_Call                 100170cb f   libvcruntimed:exsup.obj
 0001:000160cd       __NLG_Return2              100170cd     libvcruntimed:exsup.obj
 0001:000160d0       ??$__crt_fast_decode_pointer@P6AXXZ@@YAP6AXXZQ6AXXZ@Z 100170d0 f i libvcruntimed:purevirt.obj
 0001:00016100       ??$__crt_interlocked_exchange_pointer@$$A6AXXZP6AXXZ@@YAP6AXXZPDS6AXXZQ6AXXZ@Z 10017100 f i libvcruntimed:purevirt.obj
 0001:00016110       ??$__crt_interlocked_read_pointer@$$A6AXXZ@@YAP6AXXZPDS6AXXZ@Z 10017110 f i libvcruntimed:purevirt.obj
 0001:00016130       __get_purecall_handler     10017130 f   libvcruntimed:purevirt.obj
 0001:00016150       __purecall                 10017150 f   libvcruntimed:purevirt.obj
 0001:00016180       __set_purecall_handler     10017180 f   libvcruntimed:purevirt.obj
 0001:000161b0       ??$?0AAViterator@TryBlockMap@__FrameHandler3@@AAV012@$0A@@?$pair@Viterator@TryBlockMap@__FrameHandler3@@V123@@std@@QAE@AAViterator@TryBlockMap@__FrameHandler3@@0@Z 100171b0 f i libvcruntimed:trnsctrl.obj
 0001:00016200       ??$forward@AAViterator@TryBlockMap@__FrameHandler3@@@std@@YAAAViterator@TryBlockMap@__FrameHandler3@@AAV123@@Z 10017200 f i libvcruntimed:trnsctrl.obj
 0001:00016210       ??0iterator@TryBlockMap@__FrameHandler3@@QAE@AAV12@I@Z 10017210 f i libvcruntimed:trnsctrl.obj
 0001:00016240       ?GetRangeOfTrysToCheck@__FrameHandler3@@SA?AU?$pair@Viterator@TryBlockMap@__FrameHandler3@@V123@@std@@AAVTryBlockMap@1@HH@Z 10017240 f   libvcruntimed:trnsctrl.obj
 0001:00016330       ?_CallCatchBlock2@@YAPAXPAUEHRegistrationNode@@PBU_s_FuncInfo@@PAXHK@Z 10017330 f   libvcruntimed:trnsctrl.obj
 0001:000163a0       ?_CallSETranslator@@YAHPAUEHExceptionRecord@@PAUEHRegistrationNode@@PAX2PBU_s_FuncInfo@@H1@Z 100173a0 f   libvcruntimed:trnsctrl.obj
 0001:00016490       ?_JumpToContinuation@@YGXPAXPAUEHRegistrationNode@@@Z 10017490 f   libvcruntimed:trnsctrl.obj
 0001:000164d0       ?_UnwindNestedFrames@@YGXPAUEHRegistrationNode@@PAUEHExceptionRecord@@@Z 100174d0 f   libvcruntimed:trnsctrl.obj
 0001:00016530       ?getFuncInfo@TryBlockMap@__FrameHandler3@@QAEPBU_s_FuncInfo@@XZ 10017530 f i libvcruntimed:trnsctrl.obj
 0001:00016540       __CatchGuardHandler        10017540 f   libvcruntimed:trnsctrl.obj
 0001:00016590       __CreateFrameInfo          10017590 f   libvcruntimed:trnsctrl.obj
 0001:000165c0       __FindAndUnlinkFrame       100175c0 f   libvcruntimed:trnsctrl.obj
 0001:00016630       __TranslatorGuardHandler   10017630 f   libvcruntimed:trnsctrl.obj
 0001:000166e0       ___CxxFrameHandler         100176e0 f   libvcruntimed:trnsctrl.obj
 0001:00016720       ___CxxFrameHandler2        10017720 f   libvcruntimed:trnsctrl.obj
 0001:00016760       ___CxxFrameHandler3        10017760 f   libvcruntimed:trnsctrl.obj
 0001:000167a0       ___CxxLongjmpUnwind@4      100177a0 f   libvcruntimed:trnsctrl.obj
 0001:000173b0       ??$TypeMatchHelper@$$CBU_s_HandlerType@@@@YAHPBU_s_HandlerType@@PBU_s_CatchableType@@PBU_s_ThrowInfo@@@Z 100183b0 f i libvcruntimed:frame.obj
 0001:00017490       ??$__InternalCxxFrameHandler@V__FrameHandler3@@@@YA?AW4_EXCEPTION_DISPOSITION@@PAUEHExceptionRecord@@PAUEHRegistrationNode@@PAU_CONTEXT@@PAXPBU_s_FuncInfo@@H1E@Z 10018490 f i libvcruntimed:frame.obj
 0001:00017670       ??0HandlerMap@__FrameHandler3@@QAE@PBU_s_TryBlockMapEntry@@PAX@Z 10018670 f i libvcruntimed:frame.obj
 0001:000176a0       ??0TryBlockMap@__FrameHandler3@@QAE@PBU_s_FuncInfo@@PAX@Z 100186a0 f i libvcruntimed:frame.obj
 0001:000176d0       ??0bad_exception@std@@QAE@ABV01@@Z 100186d0 f i libvcruntimed:frame.obj
 0001:00017700       ??0bad_exception@std@@QAE@XZ 10018700 f i libvcruntimed:frame.obj
 0001:00017730       ??0exception@std@@QAE@ABV01@@Z 10018730 f i libvcruntimed:frame.obj
 0001:00017770       ??0exception@std@@QAE@QBDH@Z 10018770 f i libvcruntimed:frame.obj
 0001:000177a0       ??0iterator@HandlerMap@__FrameHandler3@@QAE@AAV12@I@Z 100187a0 f i libvcruntimed:frame.obj
 0001:000177d0       ??1bad_exception@std@@UAE@XZ 100187d0 f i libvcruntimed:frame.obj
 0001:000177f0       ??1exception@std@@UAE@XZ   100187f0 f i libvcruntimed:frame.obj
 0001:00017820       ??8iterator@HandlerMap@__FrameHandler3@@QBE_NABV012@@Z 10018820 f i libvcruntimed:frame.obj
 0001:00017850       ??8type_info@@QBE_NABV0@@Z 10018850 f i libvcruntimed:frame.obj
 0001:00017890       ??9iterator@HandlerMap@__FrameHandler3@@QBE_NABV012@@Z 10018890 f i libvcruntimed:frame.obj
 0001:000178d0       ??Diterator@HandlerMap@__FrameHandler3@@QAEPBU_s_HandlerType@@XZ 100188d0 f i libvcruntimed:frame.obj
 0001:000178f0       ??Diterator@TryBlockMap@__FrameHandler3@@QAEPBU_s_TryBlockMapEntry@@XZ 100188f0 f i libvcruntimed:frame.obj
 0001:00017910       ??Eiterator@HandlerMap@__FrameHandler3@@QAEAAV012@XZ 10018910 f i libvcruntimed:frame.obj
 0001:00017930       ??Eiterator@TryBlockMap@__FrameHandler3@@QAEAAV012@XZ 10018930 f i libvcruntimed:frame.obj
 0001:00017950       ??Miterator@TryBlockMap@__FrameHandler3@@QBE_NABV012@@Z 10018950 f i libvcruntimed:frame.obj
 0001:00017980       ??_Ebad_exception@std@@UAEPAXI@Z 10018980 f i libvcruntimed:frame.obj
 0001:00017980       ??_Gbad_exception@std@@UAEPAXI@Z 10018980 f i libvcruntimed:frame.obj
 0001:000179b0       ??_Gexception@std@@UAEPAXI@Z 100189b0 f i libvcruntimed:frame.obj
 0001:000179b0       ??_Eexception@std@@UAEPAXI@Z 100189b0 f i libvcruntimed:frame.obj
 0001:000179e0       ?BuildCatchObject@__FrameHandler3@@SAXPAUEHExceptionRecord@@PAXPBU_s_HandlerType@@PBU_s_CatchableType@@@Z 100189e0 f   libvcruntimed:frame.obj
 0001:00017a00       ?BuildCatchObjectHelper@__FrameHandler3@@SAHPAUEHExceptionRecord@@PAXPBU_s_HandlerType@@PBU_s_CatchableType@@@Z 10018a00 f   libvcruntimed:frame.obj
 0001:00017da0       ?FrameUnwindToEmptyState@__FrameHandler3@@SAXPAUEHRegistrationNode@@PAXPBU_s_FuncInfo@@@Z 10018da0 f   libvcruntimed:frame.obj
 0001:00017dc0       ?FrameUnwindToState@__FrameHandler3@@SAXPAUEHRegistrationNode@@PAXPBU_s_FuncInfo@@H@Z 10018dc0 f   libvcruntimed:frame.obj
 0001:00017f40       ?GetMaxState@__FrameHandler3@@SAHPAXPBU_s_FuncInfo@@@Z 10018f40 f i libvcruntimed:frame.obj
 0001:00018070       ?TypeMatch@__FrameHandler3@@SAHPBU_s_HandlerType@@PBU_s_CatchableType@@PBU_s_ThrowInfo@@@Z 10019070 f   libvcruntimed:frame.obj
 0001:00018090       ?_CallMemberFunction1@@YGXQAX00@Z 10019090 f i libvcruntimed:frame.obj
 0001:000180b0       ?_CallMemberFunction2@@YGXQAX00H@Z 100190b0 f i libvcruntimed:frame.obj
 0001:000180d0       ?_ValidateExecute@@YA_NP6GHXZ@Z 100190d0 f i libvcruntimed:frame.obj
 0001:000180f0       ?_ValidateRead@@YA_NPBXI@Z 100190f0 f i libvcruntimed:frame.obj
 0001:00018110       ?_ValidateWrite@@YA_NPAXI@Z 10019110 f i libvcruntimed:frame.obj
 0001:00018130       ?begin@HandlerMap@__FrameHandler3@@QAE?AViterator@12@XZ 10019130 f i libvcruntimed:frame.obj
 0001:00018150       ?end@HandlerMap@__FrameHandler3@@QAE?AViterator@12@XZ 10019150 f i libvcruntimed:frame.obj
 0001:00018180       ?getESTypes@__FrameHandler3@@SAPBU_s_ESTypeList@@PBU_s_FuncInfo@@@Z 10019180 f i libvcruntimed:frame.obj
 0001:00018190       ?getLastEntry@HandlerMap@__FrameHandler3@@QAEPBU_s_HandlerType@@XZ 10019190 f i libvcruntimed:frame.obj
 0001:000181b0       ?getMagicNum@__FrameHandler3@@SAIPBU_s_FuncInfo@@@Z 100191b0 f i libvcruntimed:frame.obj
 0001:000181c0       ?getNumTryBlocks@TryBlockMap@__FrameHandler3@@QAEIXZ 100191c0 f i libvcruntimed:frame.obj
 0001:000181e0       ?isEHs@__FrameHandler3@@SA_NPBU_s_FuncInfo@@@Z 100191e0 f i libvcruntimed:frame.obj
 0001:00018210       ?isNoExcept@__FrameHandler3@@SA_NPBU_s_FuncInfo@@@Z 10019210 f i libvcruntimed:frame.obj
 0001:00018240       ?what@exception@std@@UBEPBDXZ 10019240 f i libvcruntimed:frame.obj
 0001:00018270       ___BuildCatchObject        10019270 f   libvcruntimed:frame.obj
 0001:00018290       ___BuildCatchObjectHelper  10019290 f   libvcruntimed:frame.obj
 0001:000182b0       ___TypeMatch               100192b0 f   libvcruntimed:frame.obj
 0001:000182d0       ___vcrt_EncodePointer      100192d0 f i libvcruntimed:frame.obj
 0001:000182e0       __CallSettingFrame@12      100192e0 f   libvcruntimed:lowhelpr.obj
 0001:00018307       __NLG_Return               10019307     libvcruntimed:lowhelpr.obj
 0001:00018360       __get_unexpected           10019360 f   libvcruntimed:unexpected.obj
 0001:00018380       _set_unexpected            10019380 f   libvcruntimed:unexpected.obj
 0001:000183b0       _unexpected                100193b0 f   libvcruntimed:unexpected.obj
 0001:000183f0       _memmove                   100193f0 f   libvcruntimed:memmove.obj
 0001:00018970       ?GetCurrentState@__FrameHandler3@@SAHPAUEHRegistrationNode@@PAXPBU_s_FuncInfo@@@Z 10019970 f   libvcruntimed:ehstate.obj
 0001:000189a0       ?SetState@__FrameHandler3@@SAXPAUEHRegistrationNode@@PBU_s_FuncInfo@@H@Z 100199a0 f   libvcruntimed:ehstate.obj
 0001:000189b0       ___DestructExceptionObject 100199b0 f   libvcruntimed:ehhelpers.obj
 0001:00018ae0       ?_CallMemberFunction0@@YGXQAX0@Z 10019ae0 f i libvcruntimed:ehhelpers.obj
 0001:00018b00       ?raw_name@type_info@@QBEPBDXZ 10019b00 f i libvcruntimed:ehhelpers.obj
 0001:00018b20       __IsExceptionObjectToBeDestroyed 10019b20 f   libvcruntimed:ehhelpers.obj
 0001:00018b60       __SetWinRTOutOfMemoryExceptionCallback 10019b60 f   libvcruntimed:ehhelpers.obj
 0001:00018b70       ___AdjustPointer           10019b70 f   libvcruntimed:ehhelpers.obj
 0001:00018bc0       ___FrameUnwindFilter       10019bc0 f   libvcruntimed:ehhelpers.obj
 0001:00018c40       ___GetPlatformExceptionInfo 10019c40 f   libvcruntimed:ehhelpers.obj
 0001:00018cc0       ___current_exception       10019cc0 f   libvcruntimed:ehhelpers.obj
 0001:00018cd0       ___current_exception_context 10019cd0 f   libvcruntimed:ehhelpers.obj
 0001:00018ce0       ___processing_throw        10019ce0 f   libvcruntimed:ehhelpers.obj
 0001:00018cf0       ___std_terminate           10019cf0 f   libvcruntimed:ehhelpers.obj
 0001:00018d00       __is_exception_typeof      10019d00 f   libvcruntimed:ehhelpers.obj
 0001:00018de0       ??$?RD@__crt_public_free_policy@@QBEXQBD@Z 10019de0 f i libvcruntimed:std_exception.obj
 0001:00018e00       ??0?$__crt_unique_heap_ptr@DU__crt_public_free_policy@@@@QAE@QAD@Z 10019e00 f i libvcruntimed:std_exception.obj
 0001:00018e20       ??1?$__crt_unique_heap_ptr@DU__crt_public_free_policy@@@@QAE@XZ 10019e20 f i libvcruntimed:std_exception.obj
 0001:00018e40       ??B?$__crt_unique_heap_ptr@DU__crt_public_free_policy@@@@QBE_NXZ 10019e40 f i libvcruntimed:std_exception.obj
 0001:00018e60       ?detach@?$__crt_unique_heap_ptr@DU__crt_public_free_policy@@@@QAEPADXZ 10019e60 f i libvcruntimed:std_exception.obj
 0001:00018e90       ?get@?$__crt_unique_heap_ptr@DU__crt_public_free_policy@@@@QBEPADXZ 10019e90 f i libvcruntimed:std_exception.obj
 0001:00018ea0       ?is_valid@?$__crt_unique_heap_ptr@DU__crt_public_free_policy@@@@QBE_NXZ 10019ea0 f i libvcruntimed:std_exception.obj
 0001:00018ed0       ?release@?$__crt_unique_heap_ptr@DU__crt_public_free_policy@@@@QAEXXZ 10019ed0 f i libvcruntimed:std_exception.obj
 0001:00018f00       ___std_exception_copy      10019f00 f   libvcruntimed:std_exception.obj
 0001:00018fe0       ___std_exception_destroy   10019fe0 f   libvcruntimed:std_exception.obj
 0001:00019010       __CxxThrowException@8      1001a010 f   libvcruntimed:throw.obj
 0001:000190d0       ??$__crt_interlocked_read@J@@YAJPDJ@Z 1001a0d0 f i libucrtd:assert.obj
 0001:000190f0       ??$__vcrt_va_start_verify_argument_type@QBD@@YAXXZ 1001a0f0 f i libucrtd:assert.obj
 0001:00019100       ??$__vcrt_va_start_verify_argument_type@QB_W@@YAXXZ 1001a100 f i libucrtd:assert.obj
 0001:0001ab90       ??$ftprintf@PAU_iobuf@@PBDABQBDABQBDABI@?$__crt_char_traits@D@@SAH$$QAPAU_iobuf@@$$QAPBDABQBD2ABI@Z 1001bb90 f i libucrtd:assert.obj
 0001:0001abc0       ??$ftprintf@PAU_iobuf@@PB_WABQB_WABQB_WABI@?$__crt_char_traits@_W@@SAH$$QAPAU_iobuf@@$$QAPB_WABQB_W2ABI@Z 1001bbc0 f i libucrtd:assert.obj
 0001:0001abf0       ??$get_module_file_name@AAPAUHINSTANCE__@@AAY0BAF@DK@?$__crt_char_traits@D@@SAKAAPAUHINSTANCE__@@AAY0BAF@D$$QAK@Z 1001bbf0 f i libucrtd:assert.obj
 0001:0001ac10       ??$get_module_file_name@AAPAUHINSTANCE__@@AAY0BAF@_WK@?$__crt_char_traits@_W@@SAKAAPAUHINSTANCE__@@AAY0BAF@_W$$QAK@Z 1001bc10 f i libucrtd:assert.obj
 0001:0001ac30       ??$itot_s@ABIPADIH@?$__crt_char_traits@D@@SAHABI$$QAPAD$$QAI$$QAH@Z 1001bc30 f i libucrtd:assert.obj
 0001:0001ac60       ??$itot_s@ABIPA_WIH@?$__crt_char_traits@_W@@SAHABI$$QAPA_W$$QAI$$QAH@Z 1001bc60 f i libucrtd:assert.obj
 0001:0001ac90       ??$show_message_box@AAY0CEA@DPBDJ@?$__crt_char_traits@D@@SAHAAY0CEA@D$$QAPBD$$QAJ@Z 1001bc90 f i libucrtd:assert.obj
 0001:0001acb0       ??$show_message_box@AAY0CEA@_WPB_WJ@?$__crt_char_traits@_W@@SAHAAY0CEA@_W$$QAPB_W$$QAJ@Z 1001bcb0 f i libucrtd:assert.obj
 0001:0001acd0       ??$tcscat_s@ABQADABIAAPAD@?$__crt_char_traits@D@@SAHABQADABIAAPAD@Z 1001bcd0 f i libucrtd:assert.obj
 0001:0001ad00       ??$tcscat_s@ABQADABIABQBD@?$__crt_char_traits@D@@SAHABQADABIABQBD@Z 1001bd00 f i libucrtd:assert.obj
 0001:0001ad30       ??$tcscat_s@ABQADABIPBD@?$__crt_char_traits@D@@SAHABQADABI$$QAPBD@Z 1001bd30 f i libucrtd:assert.obj
 0001:0001ad60       ??$tcscat_s@ABQA_WABIAAPA_W@?$__crt_char_traits@_W@@SAHABQA_WABIAAPA_W@Z 1001bd60 f i libucrtd:assert.obj
 0001:0001ad90       ??$tcscat_s@ABQA_WABIABQB_W@?$__crt_char_traits@_W@@SAHABQA_WABIABQB_W@Z 1001bd90 f i libucrtd:assert.obj
 0001:0001adc0       ??$tcscat_s@ABQA_WABIPB_W@?$__crt_char_traits@_W@@SAHABQA_WABI$$QAPB_W@Z 1001bdc0 f i libucrtd:assert.obj
 0001:0001adf0       ??$tcscpy_s@AAY0BAF@DIPBD@?$__crt_char_traits@D@@SAHAAY0BAF@D$$QAI$$QAPBD@Z 1001bdf0 f i libucrtd:assert.obj
 0001:0001ae10       ??$tcscpy_s@AAY0BAF@_WIPB_W@?$__crt_char_traits@_W@@SAHAAY0BAF@_W$$QAI$$QAPB_W@Z 1001be10 f i libucrtd:assert.obj
 0001:0001ae30       ??$tcscpy_s@ABQADABIPBD@?$__crt_char_traits@D@@SAHABQADABI$$QAPBD@Z 1001be30 f i libucrtd:assert.obj
 0001:0001ae60       ??$tcscpy_s@ABQA_WABIPB_W@?$__crt_char_traits@_W@@SAHABQA_WABI$$QAPB_W@Z 1001be60 f i libucrtd:assert.obj
 0001:0001ae90       ??$tcslen@AAY0BAF@D@?$__crt_char_traits@D@@SAIAAY0BAF@D@Z 1001be90 f i libucrtd:assert.obj
 0001:0001aeb0       ??$tcslen@AAY0BAF@_W@?$__crt_char_traits@_W@@SAIAAY0BAF@_W@Z 1001beb0 f i libucrtd:assert.obj
 0001:0001aed0       ??$tcslen@ABQAD@?$__crt_char_traits@D@@SAIABQAD@Z 1001bed0 f i libucrtd:assert.obj
 0001:0001aef0       ??$tcslen@ABQA_W@?$__crt_char_traits@_W@@SAIABQA_W@Z 1001bef0 f i libucrtd:assert.obj
 0001:0001af10       ??$tcslen@ABQBD@?$__crt_char_traits@D@@SAIABQBD@Z 1001bf10 f i libucrtd:assert.obj
 0001:0001af30       ??$tcslen@ABQB_W@?$__crt_char_traits@_W@@SAIABQB_W@Z 1001bf30 f i libucrtd:assert.obj
 0001:0001af50       ??$tcsncat_s@ABQADABIAAPBDI@?$__crt_char_traits@D@@SAHABQADABIAAPBD$$QAI@Z 1001bf50 f i libucrtd:assert.obj
 0001:0001af80       ??$tcsncat_s@ABQADABIABQBDABI@?$__crt_char_traits@D@@SAHABQADABIABQBD1@Z 1001bf80 f i libucrtd:assert.obj
 0001:0001afb0       ??$tcsncat_s@ABQADABIPBDI@?$__crt_char_traits@D@@SAHABQADABI$$QAPBD$$QAI@Z 1001bfb0 f i libucrtd:assert.obj
 0001:0001afe0       ??$tcsncat_s@ABQA_WABIAAPB_WI@?$__crt_char_traits@_W@@SAHABQA_WABIAAPB_W$$QAI@Z 1001bfe0 f i libucrtd:assert.obj
 0001:0001b010       ??$tcsncat_s@ABQA_WABIABQB_WABI@?$__crt_char_traits@_W@@SAHABQA_WABIABQB_W1@Z 1001c010 f i libucrtd:assert.obj
 0001:0001b040       ??$tcsncat_s@ABQA_WABIPB_WI@?$__crt_char_traits@_W@@SAHABQA_WABI$$QAPB_W$$QAI@Z 1001c040 f i libucrtd:assert.obj
 0001:0001b070       ??0__crt_stdio_stream@@QAE@QAU_iobuf@@@Z 1001c070 f i libucrtd:assert.obj
 0001:0001b260       ?get_flags@__crt_stdio_stream@@QBEJXZ 1001c260 f i libucrtd:assert.obj
 0001:0001b340       ?has_any_buffer@__crt_stdio_stream@@QBE_NXZ 1001c340 f i libucrtd:assert.obj
 0001:0001b360       ?has_any_of@__crt_stdio_stream@@QBE_NJ@Z 1001c360 f i libucrtd:assert.obj
 0001:0001b3a0       __assert                   1001c3a0 f   libucrtd:assert.obj
 0001:0001b3c0       __invoke_watson_if_error   1001c3c0 f i libucrtd:assert.obj
 0001:0001b3f0       __vfwprintf_l              1001c3f0 f i libucrtd:assert.obj
 0001:0001b420       __vswprintf_c_l            1001c420 f i libucrtd:assert.obj
 0001:0001b470       __wassert                  1001c470 f   libucrtd:assert.obj
 0001:0001b490       _fwprintf                  1001c490 f i libucrtd:assert.obj
 0001:0001b5e0       _swprintf                  1001c5e0 f i libucrtd:assert.obj
 0001:0001b620       ??$?RPAU__crt_stdio_stream_data@@@__crt_internal_free_policy@@QBEXQBQAU__crt_stdio_stream_data@@@Z 1001c620 f i libucrtd:_file.obj
 0001:0001b640       ??0?$__crt_unique_heap_ptr@PAU__crt_stdio_stream_data@@U__crt_internal_free_policy@@@@QAE@QAPAU__crt_stdio_stream_data@@@Z 1001c640 f i libucrtd:_file.obj
 0001:0001b660       ??1?$__crt_unique_heap_ptr@PAU__crt_stdio_stream_data@@U__crt_internal_free_policy@@@@QAE@XZ 1001c660 f i libucrtd:_file.obj
 0001:0001b680       ??C__crt_stdio_stream@@QBEPAU__crt_stdio_stream_data@@XZ 1001c680 f i libucrtd:_file.obj
 0001:0001b6a0       ?detach@?$__crt_unique_heap_ptr@PAU__crt_stdio_stream_data@@U__crt_internal_free_policy@@@@QAEPAPAU__crt_stdio_stream_data@@XZ 1001c6a0 f i libucrtd:_file.obj
 0001:0001b6d0       ?release@?$__crt_unique_heap_ptr@PAU__crt_stdio_stream_data@@U__crt_internal_free_policy@@@@QAEXXZ 1001c6d0 f i libucrtd:_file.obj
 0001:0001b700       ___acrt_initialize_stdio   1001c700 f   libucrtd:_file.obj
 0001:0001b870       ___acrt_iob_func           1001c870 f   libucrtd:_file.obj
 0001:0001b880       ___acrt_uninitialize_stdio 1001c880 f   libucrtd:_file.obj
 0001:0001b900       __get_stream_buffer_pointers 1001c900 f   libucrtd:_file.obj
 0001:0001b9e0       __lock_file                1001c9e0 f   libucrtd:_file.obj
 0001:0001ba10       __unlock_file              1001ca10 f   libucrtd:_file.obj
 0001:0001ba40       ??$?0ABV?$stream_output_adapter@D@__crt_stdio_output@@AB_KABQBDABQAU__crt_locale_pointers@@ABQAD@?$format_validation_base@DV?$stream_output_adapter@D@__crt_stdio_output@@@__crt_stdio_output@@IAE@ABV?$stream_output_adapter@D@1@AB_KABQBDABQAU__crt_locale_pointers@@ABQAD@Z 1001ca40 f i libucrtd:output.obj
 0001:0001ba70       ??$?0ABV?$stream_output_adapter@D@__crt_stdio_output@@AB_KABQBDABQAU__crt_locale_pointers@@ABQAD@?$positional_parameter_base@DV?$stream_output_adapter@D@__crt_stdio_output@@@__crt_stdio_output@@IAE@ABV?$stream_output_adapter@D@1@AB_KABQBDABQAU__crt_locale_pointers@@ABQAD@Z 1001ca70 f i libucrtd:output.obj
 0001:0001baf0       ??$?0ABV?$stream_output_adapter@D@__crt_stdio_output@@AB_KABQBDABQAU__crt_locale_pointers@@ABQAD@?$standard_base@DV?$stream_output_adapter@D@__crt_stdio_output@@@__crt_stdio_output@@IAE@ABV?$stream_output_adapter@D@1@AB_KABQBDABQAU__crt_locale_pointers@@ABQAD@Z 1001caf0 f i libucrtd:output.obj
 0001:0001bb40       ??$?0ABV?$stream_output_adapter@_W@__crt_stdio_output@@AB_KABQB_WABQAU__crt_locale_pointers@@ABQAD@?$format_validation_base@_WV?$stream_output_adapter@_W@__crt_stdio_output@@@__crt_stdio_output@@IAE@ABV?$stream_output_adapter@_W@1@AB_KABQB_WABQAU__crt_locale_pointers@@ABQAD@Z 1001cb40 f i libucrtd:output.obj
 0001:0001bb70       ??$?0ABV?$stream_output_adapter@_W@__crt_stdio_output@@AB_KABQB_WABQAU__crt_locale_pointers@@ABQAD@?$positional_parameter_base@_WV?$stream_output_adapter@_W@__crt_stdio_output@@@__crt_stdio_output@@IAE@ABV?$stream_output_adapter@_W@1@AB_KABQB_WABQAU__crt_locale_pointers@@ABQAD@Z 1001cb70 f i libucrtd:output.obj
 0001:0001bbf0       ??$?0ABV?$stream_output_adapter@_W@__crt_stdio_output@@AB_KABQB_WABQAU__crt_locale_pointers@@ABQAD@?$standard_base@_WV?$stream_output_adapter@_W@__crt_stdio_output@@@__crt_stdio_output@@IAE@ABV?$stream_output_adapter@_W@1@AB_KABQB_WABQAU__crt_locale_pointers@@ABQAD@Z 1001cbf0 f i libucrtd:output.obj
 0001:0001bc40       ??$?0ABV?$string_output_adapter@D@__crt_stdio_output@@AB_KABQBDABQAU__crt_locale_pointers@@ABQAD@?$format_validation_base@DV?$string_output_adapter@D@__crt_stdio_output@@@__crt_stdio_output@@IAE@ABV?$string_output_adapter@D@1@AB_KABQBDABQAU__crt_locale_pointers@@ABQAD@Z 1001cc40 f i libucrtd:output.obj
 0001:0001bc70       ??$?0ABV?$string_output_adapter@D@__crt_stdio_output@@AB_KABQBDABQAU__crt_locale_pointers@@ABQAD@?$positional_parameter_base@DV?$string_output_adapter@D@__crt_stdio_output@@@__crt_stdio_output@@IAE@ABV?$string_output_adapter@D@1@AB_KABQBDABQAU__crt_locale_pointers@@ABQAD@Z 1001cc70 f i libucrtd:output.obj
 0001:0001bcf0       ??$?0ABV?$string_output_adapter@D@__crt_stdio_output@@AB_KABQBDABQAU__crt_locale_pointers@@ABQAD@?$standard_base@DV?$string_output_adapter@D@__crt_stdio_output@@@__crt_stdio_output@@IAE@ABV?$string_output_adapter@D@1@AB_KABQBDABQAU__crt_locale_pointers@@ABQAD@Z 1001ccf0 f i libucrtd:output.obj
 0001:0001bd40       ??$?0ABV?$string_output_adapter@_W@__crt_stdio_output@@AB_KABQB_WABQAU__crt_locale_pointers@@ABQAD@?$format_validation_base@_WV?$string_output_adapter@_W@__crt_stdio_output@@@__crt_stdio_output@@IAE@ABV?$string_output_adapter@_W@1@AB_KABQB_WABQAU__crt_locale_pointers@@ABQAD@Z 1001cd40 f i libucrtd:output.obj
 0001:0001bd70       ??$?0ABV?$string_output_adapter@_W@__crt_stdio_output@@AB_KABQB_WABQAU__crt_locale_pointers@@ABQAD@?$positional_parameter_base@_WV?$string_output_adapter@_W@__crt_stdio_output@@@__crt_stdio_output@@IAE@ABV?$string_output_adapter@_W@1@AB_KABQB_WABQAU__crt_locale_pointers@@ABQAD@Z 1001cd70 f i libucrtd:output.obj
 0001:0001bdf0       ??$?0ABV?$string_output_adapter@_W@__crt_stdio_output@@AB_KABQB_WABQAU__crt_locale_pointers@@ABQAD@?$standard_base@_WV?$string_output_adapter@_W@__crt_stdio_output@@@__crt_stdio_output@@IAE@ABV?$string_output_adapter@_W@1@AB_KABQB_WABQAU__crt_locale_pointers@@ABQAD@Z 1001cdf0 f i libucrtd:output.obj
 0001:0001f0b0       ??$count@D@formatting_buffer@__crt_stdio_output@@QBEIXZ 100200b0 f i libucrtd:output.obj
 0001:0001f0f0       ??$count@_W@formatting_buffer@__crt_stdio_output@@QBEIXZ 100200f0 f i libucrtd:output.obj
 0001:0001f130       ??$data@D@formatting_buffer@__crt_stdio_output@@QAEPADXZ 10020130 f i libucrtd:output.obj
 0001:0001f170       ??$data@_W@formatting_buffer@__crt_stdio_output@@QAEPA_WXZ 10020170 f i libucrtd:output.obj
 0001:0001f1b0       ??$ensure_buffer_is_big_enough@D@formatting_buffer@__crt_stdio_output@@QAE_NI@Z 100201b0 f i libucrtd:output.obj
 0001:0001f290       ??$ensure_buffer_is_big_enough@_W@formatting_buffer@__crt_stdio_output@@QAE_NI@Z 10020290 f i libucrtd:output.obj
 0001:0001f380       ??$extract_argument_from_va_list@C_J@?$positional_parameter_base@DV?$stream_output_adapter@D@__crt_stdio_output@@@__crt_stdio_output@@IAE_NAA_J@Z 10020380 f i libucrtd:output.obj
 0001:0001f4c0       ??$extract_argument_from_va_list@C_J@?$positional_parameter_base@DV?$string_output_adapter@D@__crt_stdio_output@@@__crt_stdio_output@@IAE_NAA_J@Z 100204c0 f i libucrtd:output.obj
 0001:0001f600       ??$extract_argument_from_va_list@C_J@?$positional_parameter_base@_WV?$stream_output_adapter@_W@__crt_stdio_output@@@__crt_stdio_output@@IAE_NAA_J@Z 10020600 f i libucrtd:output.obj
 0001:0001f740       ??$extract_argument_from_va_list@C_J@?$positional_parameter_base@_WV?$string_output_adapter@_W@__crt_stdio_output@@@__crt_stdio_output@@IAE_NAA_J@Z 10020740 f i libucrtd:output.obj
 0001:0001f880       ??$extract_argument_from_va_list@C_J@?$standard_base@DV?$stream_output_adapter@D@__crt_stdio_output@@@__crt_stdio_output@@IAE_NAA_J@Z 10020880 f i libucrtd:output.obj
 0001:0001f8b0       ??$extract_argument_from_va_list@C_J@?$standard_base@DV?$string_output_adapter@D@__crt_stdio_output@@@__crt_stdio_output@@IAE_NAA_J@Z 100208b0 f i libucrtd:output.obj
 0001:0001f8e0       ??$extract_argument_from_va_list@C_J@?$standard_base@_WV?$stream_output_adapter@_W@__crt_stdio_output@@@__crt_stdio_output@@IAE_NAA_J@Z 100208e0 f i libucrtd:output.obj
 0001:0001f910       ??$extract_argument_from_va_list@C_J@?$standard_base@_WV?$string_output_adapter@_W@__crt_stdio_output@@@__crt_stdio_output@@IAE_NAA_J@Z 10020910 f i libucrtd:output.obj
 0001:0001f940       ??$extract_argument_from_va_list@E_J@?$positional_parameter_base@DV?$stream_output_adapter@D@__crt_stdio_output@@@__crt_stdio_output@@IAE_NAA_J@Z 10020940 f i libucrtd:output.obj
 0001:0001fa80       ??$extract_argument_from_va_list@E_J@?$positional_parameter_base@DV?$string_output_adapter@D@__crt_stdio_output@@@__crt_stdio_output@@IAE_NAA_J@Z 10020a80 f i libucrtd:output.obj
 0001:0001fbc0       ??$extract_argument_from_va_list@E_J@?$positional_parameter_base@_WV?$stream_output_adapter@_W@__crt_stdio_output@@@__crt_stdio_output@@IAE_NAA_J@Z 10020bc0 f i libucrtd:output.obj
 0001:0001fd00       ??$extract_argument_from_va_list@E_J@?$positional_parameter_base@_WV?$string_output_adapter@_W@__crt_stdio_output@@@__crt_stdio_output@@IAE_NAA_J@Z 10020d00 f i libucrtd:output.obj
 0001:0001fe40       ??$extract_argument_from_va_list@E_J@?$standard_base@DV?$stream_output_adapter@D@__crt_stdio_output@@@__crt_stdio_output@@IAE_NAA_J@Z 10020e40 f i libucrtd:output.obj
 0001:0001fe70       ??$extract_argument_from_va_list@E_J@?$standard_base@DV?$string_output_adapter@D@__crt_stdio_output@@@__crt_stdio_output@@IAE_NAA_J@Z 10020e70 f i libucrtd:output.obj
 0001:0001fea0       ??$extract_argument_from_va_list@E_J@?$standard_base@_WV?$stream_output_adapter@_W@__crt_stdio_output@@@__crt_stdio_output@@IAE_NAA_J@Z 10020ea0 f i libucrtd:output.obj
 0001:0001fed0       ??$extract_argument_from_va_list@E_J@?$standard_base@_WV?$string_output_adapter@_W@__crt_stdio_output@@@__crt_stdio_output@@IAE_NAA_J@Z 10020ed0 f i libucrtd:output.obj
 0001:0001ff00       ??$extract_argument_from_va_list@F_J@?$positional_parameter_base@DV?$stream_output_adapter@D@__crt_stdio_output@@@__crt_stdio_output@@IAE_NAA_J@Z 10020f00 f i libucrtd:output.obj
 0001:00020030       ??$extract_argument_from_va_list@F_J@?$positional_parameter_base@DV?$string_output_adapter@D@__crt_stdio_output@@@__crt_stdio_output@@IAE_NAA_J@Z 10021030 f i libucrtd:output.obj
 0001:00020160       ??$extract_argument_from_va_list@F_J@?$positional_parameter_base@_WV?$stream_output_adapter@_W@__crt_stdio_output@@@__crt_stdio_output@@IAE_NAA_J@Z 10021160 f i libucrtd:output.obj
 0001:00020290       ??$extract_argument_from_va_list@F_J@?$positional_parameter_base@_WV?$string_output_adapter@_W@__crt_stdio_output@@@__crt_stdio_output@@IAE_NAA_J@Z 10021290 f i libucrtd:output.obj
 0001:000203c0       ??$extract_argument_from_va_list@F_J@?$standard_base@DV?$stream_output_adapter@D@__crt_stdio_output@@@__crt_stdio_output@@IAE_NAA_J@Z 100213c0 f i libucrtd:output.obj
 0001:000203f0       ??$extract_argument_from_va_list@F_J@?$standard_base@DV?$string_output_adapter@D@__crt_stdio_output@@@__crt_stdio_output@@IAE_NAA_J@Z 100213f0 f i libucrtd:output.obj
 0001:00020420       ??$extract_argument_from_va_list@F_J@?$standard_base@_WV?$stream_output_adapter@_W@__crt_stdio_output@@@__crt_stdio_output@@IAE_NAA_J@Z 10021420 f i libucrtd:output.obj
 0001:00020450       ??$extract_argument_from_va_list@F_J@?$standard_base@_WV?$string_output_adapter@_W@__crt_stdio_output@@@__crt_stdio_output@@IAE_NAA_J@Z 10021450 f i libucrtd:output.obj
 0001:00020480       ??$extract_argument_from_va_list@GD@?$positional_parameter_base@DV?$stream_output_adapter@D@__crt_stdio_output@@@__crt_stdio_output@@IAE_NAAD@Z 10021480 f i libucrtd:output.obj
 0001:000205b0       ??$extract_argument_from_va_list@GD@?$positional_parameter_base@DV?$string_output_adapter@D@__crt_stdio_output@@@__crt_stdio_output@@IAE_NAAD@Z 100215b0 f i libucrtd:output.obj
 0001:000206e0       ??$extract_argument_from_va_list@GD@?$standard_base@DV?$stream_output_adapter@D@__crt_stdio_output@@@__crt_stdio_output@@IAE_NAAD@Z 100216e0 f i libucrtd:output.obj
 0001:00020710       ??$extract_argument_from_va_list@GD@?$standard_base@DV?$string_output_adapter@D@__crt_stdio_output@@@__crt_stdio_output@@IAE_NAAD@Z 10021710 f i libucrtd:output.obj
 0001:00020740       ??$extract_argument_from_va_list@G_J@?$positional_parameter_base@DV?$stream_output_adapter@D@__crt_stdio_output@@@__crt_stdio_output@@IAE_NAA_J@Z 10021740 f i libucrtd:output.obj
 0001:00020880       ??$extract_argument_from_va_list@G_J@?$positional_parameter_base@DV?$string_output_adapter@D@__crt_stdio_output@@@__crt_stdio_output@@IAE_NAA_J@Z 10021880 f i libucrtd:output.obj
 0001:000209c0       ??$extract_argument_from_va_list@G_J@?$positional_parameter_base@_WV?$stream_output_adapter@_W@__crt_stdio_output@@@__crt_stdio_output@@IAE_NAA_J@Z 100219c0 f i libucrtd:output.obj
 0001:00020b00       ??$extract_argument_from_va_list@G_J@?$positional_parameter_base@_WV?$string_output_adapter@_W@__crt_stdio_output@@@__crt_stdio_output@@IAE_NAA_J@Z 10021b00 f i libucrtd:output.obj
 0001:00020c40       ??$extract_argument_from_va_list@G_J@?$standard_base@DV?$stream_output_adapter@D@__crt_stdio_output@@@__crt_stdio_output@@IAE_NAA_J@Z 10021c40 f i libucrtd:output.obj
 0001:00020c70       ??$extract_argument_from_va_list@G_J@?$standard_base@DV?$string_output_adapter@D@__crt_stdio_output@@@__crt_stdio_output@@IAE_NAA_J@Z 10021c70 f i libucrtd:output.obj
 0001:00020ca0       ??$extract_argument_from_va_list@G_J@?$standard_base@_WV?$stream_output_adapter@_W@__crt_stdio_output@@@__crt_stdio_output@@IAE_NAA_J@Z 10021ca0 f i libucrtd:output.obj
 0001:00020cd0       ??$extract_argument_from_va_list@G_J@?$standard_base@_WV?$string_output_adapter@_W@__crt_stdio_output@@@__crt_stdio_output@@IAE_NAA_J@Z 10021cd0 f i libucrtd:output.obj
 0001:00020d00       ??$extract_argument_from_va_list@H_J@?$positional_parameter_base@DV?$stream_output_adapter@D@__crt_stdio_output@@@__crt_stdio_output@@IAE_NAA_J@Z 10021d00 f i libucrtd:output.obj
 0001:00020e30       ??$extract_argument_from_va_list@H_J@?$positional_parameter_base@DV?$string_output_adapter@D@__crt_stdio_output@@@__crt_stdio_output@@IAE_NAA_J@Z 10021e30 f i libucrtd:output.obj
 0001:00020f60       ??$extract_argument_from_va_list@H_J@?$positional_parameter_base@_WV?$stream_output_adapter@_W@__crt_stdio_output@@@__crt_stdio_output@@IAE_NAA_J@Z 10021f60 f i libucrtd:output.obj
 0001:00021090       ??$extract_argument_from_va_list@H_J@?$positional_parameter_base@_WV?$string_output_adapter@_W@__crt_stdio_output@@@__crt_stdio_output@@IAE_NAA_J@Z 10022090 f i libucrtd:output.obj
 0001:000211c0       ??$extract_argument_from_va_list@H_J@?$standard_base@DV?$stream_output_adapter@D@__crt_stdio_output@@@__crt_stdio_output@@IAE_NAA_J@Z 100221c0 f i libucrtd:output.obj
 0001:000211f0       ??$extract_argument_from_va_list@H_J@?$standard_base@DV?$string_output_adapter@D@__crt_stdio_output@@@__crt_stdio_output@@IAE_NAA_J@Z 100221f0 f i libucrtd:output.obj
 0001:00021220       ??$extract_argument_from_va_list@H_J@?$standard_base@_WV?$stream_output_adapter@_W@__crt_stdio_output@@@__crt_stdio_output@@IAE_NAA_J@Z 10022220 f i libucrtd:output.obj
 0001:00021250       ??$extract_argument_from_va_list@H_J@?$standard_base@_WV?$string_output_adapter@_W@__crt_stdio_output@@@__crt_stdio_output@@IAE_NAA_J@Z 10022250 f i libucrtd:output.obj
 0001:00021280       ??$extract_argument_from_va_list@I_J@?$positional_parameter_base@DV?$stream_output_adapter@D@__crt_stdio_output@@@__crt_stdio_output@@IAE_NAA_J@Z 10022280 f i libucrtd:output.obj
 0001:000213b0       ??$extract_argument_from_va_list@I_J@?$positional_parameter_base@DV?$string_output_adapter@D@__crt_stdio_output@@@__crt_stdio_output@@IAE_NAA_J@Z 100223b0 f i libucrtd:output.obj
 0001:000214e0       ??$extract_argument_from_va_list@I_J@?$positional_parameter_base@_WV?$stream_output_adapter@_W@__crt_stdio_output@@@__crt_stdio_output@@IAE_NAA_J@Z 100224e0 f i libucrtd:output.obj
 0001:00021610       ??$extract_argument_from_va_list@I_J@?$positional_parameter_base@_WV?$string_output_adapter@_W@__crt_stdio_output@@@__crt_stdio_output@@IAE_NAA_J@Z 10022610 f i libucrtd:output.obj
 0001:00021740       ??$extract_argument_from_va_list@I_J@?$standard_base@DV?$stream_output_adapter@D@__crt_stdio_output@@@__crt_stdio_output@@IAE_NAA_J@Z 10022740 f i libucrtd:output.obj
 0001:00021770       ??$extract_argument_from_va_list@I_J@?$standard_base@DV?$string_output_adapter@D@__crt_stdio_output@@@__crt_stdio_output@@IAE_NAA_J@Z 10022770 f i libucrtd:output.obj
 0001:000217a0       ??$extract_argument_from_va_list@I_J@?$standard_base@_WV?$stream_output_adapter@_W@__crt_stdio_output@@@__crt_stdio_output@@IAE_NAA_J@Z 100227a0 f i libucrtd:output.obj
 0001:000217d0       ??$extract_argument_from_va_list@I_J@?$standard_base@_WV?$string_output_adapter@_W@__crt_stdio_output@@@__crt_stdio_output@@IAE_NAA_J@Z 100227d0 f i libucrtd:output.obj
 0001:00021800       ??$extract_argument_from_va_list@PADPAD@?$positional_parameter_base@DV?$stream_output_adapter@D@__crt_stdio_output@@@__crt_stdio_output@@IAE_NAAPAD@Z 10022800 f i libucrtd:output.obj
 0001:00021930       ??$extract_argument_from_va_list@PADPAD@?$positional_parameter_base@DV?$string_output_adapter@D@__crt_stdio_output@@@__crt_stdio_output@@IAE_NAAPAD@Z 10022930 f i libucrtd:output.obj
 0001:00021a60       ??$extract_argument_from_va_list@PADPAD@?$positional_parameter_base@_WV?$stream_output_adapter@_W@__crt_stdio_output@@@__crt_stdio_output@@IAE_NAAPAD@Z 10022a60 f i libucrtd:output.obj
 0001:00021b90       ??$extract_argument_from_va_list@PADPAD@?$positional_parameter_base@_WV?$string_output_adapter@_W@__crt_stdio_output@@@__crt_stdio_output@@IAE_NAAPAD@Z 10022b90 f i libucrtd:output.obj
 0001:00021cc0       ??$extract_argument_from_va_list@PADPAD@?$standard_base@DV?$stream_output_adapter@D@__crt_stdio_output@@@__crt_stdio_output@@IAE_NAAPAD@Z 10022cc0 f i libucrtd:output.obj
 0001:00021cf0       ??$extract_argument_from_va_list@PADPAD@?$standard_base@DV?$string_output_adapter@D@__crt_stdio_output@@@__crt_stdio_output@@IAE_NAAPAD@Z 10022cf0 f i libucrtd:output.obj
 0001:00021d20       ??$extract_argument_from_va_list@PADPAD@?$standard_base@_WV?$stream_output_adapter@_W@__crt_stdio_output@@@__crt_stdio_output@@IAE_NAAPAD@Z 10022d20 f i libucrtd:output.obj
 0001:00021d50       ??$extract_argument_from_va_list@PADPAD@?$standard_base@_WV?$string_output_adapter@_W@__crt_stdio_output@@@__crt_stdio_output@@IAE_NAAPAD@Z 10022d50 f i libucrtd:output.obj
 0001:00022480       ??$extract_argument_from_va_list@PAXPAX@?$positional_parameter_base@DV?$stream_output_adapter@D@__crt_stdio_output@@@__crt_stdio_output@@IAE_NAAPAX@Z 10023480 f i libucrtd:output.obj
 0001:000225b0       ??$extract_argument_from_va_list@PAXPAX@?$positional_parameter_base@DV?$string_output_adapter@D@__crt_stdio_output@@@__crt_stdio_output@@IAE_NAAPAX@Z 100235b0 f i libucrtd:output.obj
 0001:000226e0       ??$extract_argument_from_va_list@PAXPAX@?$positional_parameter_base@_WV?$stream_output_adapter@_W@__crt_stdio_output@@@__crt_stdio_output@@IAE_NAAPAX@Z 100236e0 f i libucrtd:output.obj
 0001:00022810       ??$extract_argument_from_va_list@PAXPAX@?$positional_parameter_base@_WV?$string_output_adapter@_W@__crt_stdio_output@@@__crt_stdio_output@@IAE_NAAPAX@Z 10023810 f i libucrtd:output.obj
 0001:00022940       ??$extract_argument_from_va_list@PAXPAX@?$standard_base@DV?$stream_output_adapter@D@__crt_stdio_output@@@__crt_stdio_output@@IAE_NAAPAX@Z 10023940 f i libucrtd:output.obj
 0001:00022970       ??$extract_argument_from_va_list@PAXPAX@?$standard_base@DV?$string_output_adapter@D@__crt_stdio_output@@@__crt_stdio_output@@IAE_NAAPAX@Z 10023970 f i libucrtd:output.obj
 0001:000229a0       ??$extract_argument_from_va_list@PAXPAX@?$standard_base@_WV?$stream_output_adapter@_W@__crt_stdio_output@@@__crt_stdio_output@@IAE_NAAPAX@Z 100239a0 f i libucrtd:output.obj
 0001:000229d0       ??$extract_argument_from_va_list@PAXPAX@?$standard_base@_WV?$string_output_adapter@_W@__crt_stdio_output@@@__crt_stdio_output@@IAE_NAAPAX@Z 100239d0 f i libucrtd:output.obj
 0001:00022a00       ??$extract_argument_from_va_list@U_CRT_DOUBLE@@U1@@?$positional_parameter_base@DV?$stream_output_adapter@D@__crt_stdio_output@@@__crt_stdio_output@@IAE_NAAU_CRT_DOUBLE@@@Z 10023a00 f i libucrtd:output.obj
 0001:00022b60       ??$extract_argument_from_va_list@U_CRT_DOUBLE@@U1@@?$positional_parameter_base@DV?$string_output_adapter@D@__crt_stdio_output@@@__crt_stdio_output@@IAE_NAAU_CRT_DOUBLE@@@Z 10023b60 f i libucrtd:output.obj
 0001:00022cc0       ??$extract_argument_from_va_list@U_CRT_DOUBLE@@U1@@?$positional_parameter_base@_WV?$stream_output_adapter@_W@__crt_stdio_output@@@__crt_stdio_output@@IAE_NAAU_CRT_DOUBLE@@@Z 10023cc0 f i libucrtd:output.obj
 0001:00022e20       ??$extract_argument_from_va_list@U_CRT_DOUBLE@@U1@@?$positional_parameter_base@_WV?$string_output_adapter@_W@__crt_stdio_output@@@__crt_stdio_output@@IAE_NAAU_CRT_DOUBLE@@@Z 10023e20 f i libucrtd:output.obj
[...]
 0002:0001f04a       $N00014                    100a104a     modbus.exp
 0002:0001f066       $N00015                    100a1066     modbus.exp
 0002:0001f077       $N00016                    100a1077     modbus.exp
 0002:0001f089       $N00017                    100a1089     modbus.exp
 0002:0001f09d       $N00018                    100a109d     modbus.exp
 0002:0001f0b0       $N00019                    100a10b0     modbus.exp
 0002:0001f0d1       $N00020                    100a10d1     modbus.exp
 0002:0001f0ec       $N00021                    100a10ec     modbus.exp
 0002:0001f0fb       $N00022                    100a10fb     modbus.exp
 0002:0001f10a       $N00023                    100a110a     modbus.exp
 0002:0001f11c       $N00024                    100a111c     modbus.exp
 0002:0001f12d       $N00025                    100a112d     modbus.exp
 0002:0001f144       $N00026                    100a1144     modbus.exp
 0002:0001f160       $N00027                    100a1160     modbus.exp
 0002:0001f176       $N00028                    100a1176     modbus.exp
 0002:0001f185       $N00029                    100a1185     modbus.exp
 0002:0001f1a1       $N00030                    100a11a1     modbus.exp
 0002:0001f1ae       $N00031                    100a11ae     modbus.exp
 0002:0001f1c5       $N00032                    100a11c5     modbus.exp
 0002:0001f1dc       $N00033                    100a11dc     modbus.exp
 0002:0001f1ef       $N00034                    100a11ef     modbus.exp
 0002:0001f208       $N00035                    100a1208     modbus.exp
 0002:0001f223       $N00036                    100a1223     modbus.exp
 0002:0001f23d       $N00037                    100a123d     modbus.exp
 0002:0001f250       $N00038                    100a1250     modbus.exp
 0002:0001f269       $N00039                    100a1269     modbus.exp
 0002:0001f284       $N00040                    100a1284     modbus.exp
 0002:0001f29c       $N00041                    100a129c     modbus.exp
 0002:0001f2b6       $N00042                    100a12b6     modbus.exp
 0002:0001f2d1       $N00043                    100a12d1     modbus.exp
 0002:0001f2e9       $N00044                    100a12e9     modbus.exp
 0002:0001f2fa       $N00045                    100a12fa     modbus.exp
 0002:0001f314       $N00046                    100a1314     modbus.exp
 0002:0001f325       $N00047                    100a1325     modbus.exp
 0002:0001f33b       $N00048                    100a133b     modbus.exp
 0002:0001f351       $N00049                    100a1351     modbus.exp
 0002:0001f367       $N00050                    100a1367     modbus.exp
 0002:0001f37d       $N00051                    100a137d     modbus.exp
 0002:0001f39b       $N00052                    100a139b     modbus.exp
 0002:0001f3b7       $N00053                    100a13b7     modbus.exp
 0002:0001f3c8       $N00054                    100a13c8     modbus.exp
 0002:0001f3da       $N00055                    100a13da     modbus.exp
 0002:0001f3ea       $N00056                    100a13ea     modbus.exp
 0002:0001f3fc       $N00057                    100a13fc     modbus.exp
 0002:0001f40e       $N00058                    100a140e     modbus.exp
 0002:0001f423       $N00059                    100a1423     modbus.exp
 0002:0001f438       $N00060                    100a1438     modbus.exp
 0002:0001f458       $N00061                    100a1458     modbus.exp
 0002:0001f469       $N00062                    100a1469     modbus.exp
 0002:0001f47b       $N00063                    100a147b     modbus.exp
 0002:0001f491       $N00064                    100a1491     modbus.exp
 0002:0001f6c6       .idata$6                   100a16c6     ws2_32:WS2_32.dll
 0002:0001f76e       .idata$6                   100a176e     kernel32:KERNEL32.dll
 0003:00000000       $SG93842                   100a2000     modbus-data.obj
 0003:000000b4       $SG93843                   100a20b4     modbus-data.obj
 0003:000000d0       $SG97409                   100a20d0     modbus-rtu.obj
 0003:00000184       $SG97410                   100a2184     modbus-rtu.obj
 0003:000001a8       $SG97504                   100a21a8     modbus-rtu.obj
 0003:000001c0       $SG97530                   100a21c0     modbus-rtu.obj
 0003:000001f8       $SG97544                   100a21f8     modbus-rtu.obj
 0003:00000220       $SG97548                   100a2220     modbus-rtu.obj
 0003:00000254       $SG97573                   100a2254     modbus-rtu.obj
 0003:0000027c       $SG97576                   100a227c     modbus-rtu.obj
 0003:000002ac       $SG97579                   100a22ac     modbus-rtu.obj
 0003:000002e0       $SG97600                   100a22e0     modbus-rtu.obj
 0003:00000314       $SG97613                   100a2314     modbus-rtu.obj
 0003:0000034c       $SG97623                   100a234c     modbus-rtu.obj
 0003:0000037c       $SG97632                   100a237c     modbus-rtu.obj
 0003:000003ac       $SG97641                   100a23ac     modbus-rtu.obj
 0003:000003dc       $SG97651                   100a23dc     modbus-rtu.obj
 0003:0000040c       $SG97666                   100a240c     modbus-rtu.obj
 0003:0000043c       $SG97675                   100a243c     modbus-rtu.obj
 0003:0000046c       $SG97687                   100a246c     modbus-rtu.obj
 0003:0000049c       $SG97696                   100a249c     modbus-rtu.obj
 0003:000004d4       $SG97698                   100a24d4     modbus-rtu.obj
 0003:00000508       $SG97756                   100a2508     modbus-rtu.obj
 0003:00000524       $SG97758                   100a2524     modbus-rtu.obj
 0003:0000054c       $SG96579                   100a254c     modbus-tcp.obj
 0003:00000574       $SG96669                   100a2574     modbus-tcp.obj
 0003:000005a8       $SG96672                   100a25a8     modbus-tcp.obj
 0003:000005d8       $SG96740                   100a25d8     modbus-tcp.obj
 0003:000005f0       $SG96764                   100a25f0     modbus-tcp.obj
 0003:00000614       $SG96768                   100a2614     modbus-tcp.obj
 0003:0000062c       $SG96865                   100a262c     modbus-tcp.obj
 0003:00000630       $SG96868                   100a2630     modbus-tcp.obj
 0003:00000654       $SG96872                   100a2654     modbus-tcp.obj
 0003:0000065c       $SG96875                   100a265c     modbus-tcp.obj
 0003:00000668       $SG96878                   100a2668     modbus-tcp.obj
 0003:00000670       $SG96881                   100a2670     modbus-tcp.obj
 0003:00000678       $SG96895                   100a2678     modbus-tcp.obj
 0003:000006a4       $SG96908                   100a26a4     modbus-tcp.obj
 0003:000006c8       $SG96941                   100a26c8     modbus-tcp.obj
 0003:000006ec       $SG96979                   100a26ec     modbus-tcp.obj
 0003:00000704       $SG96981                   100a2704     modbus-tcp.obj
 0003:00000728       $SG97013                   100a2728     modbus-tcp.obj
 0003:00000744       $SG97015                   100a2744     modbus-tcp.obj
 0003:00000768       $SG97019                   100a2768     modbus-tcp.obj
 0003:00000788       $SG97021                   100a2788     modbus-tcp.obj
 0003:000007b0       $SG97372                   100a27b0     modbus.obj
 0003:000007c4       $SG97374                   100a27c4     modbus.obj
 0003:000007dc       $SG97376                   100a27dc     modbus.obj
 0003:000007f0       $SG97378                   100a27f0     modbus.obj
 0003:00000810       $SG97380                   100a2810     modbus.obj
 0003:0000081c       $SG97382                   100a281c     modbus.obj
 0003:0000083c       $SG97384                   100a283c     modbus.obj
 0003:00000854       $SG97386                   100a2854     modbus.obj
 0003:00000868       $SG97388                   100a2868     modbus.obj
 0003:00000884       $SG97390                   100a2884     modbus.obj
 0003:000008a4       $SG97392                   100a28a4     modbus.obj
 0003:000008b0       $SG97394                   100a28b0     modbus.obj
 0003:000008c0       $SG97396                   100a28c0     modbus.obj
 0003:000008d8       $SG97398                   100a28d8     modbus.obj
 0003:000008e8       $SG97400                   100a28e8     modbus.obj
 0003:0000090c       $SG97409                   100a290c     modbus.obj
 0003:00000918       $SG97412                   100a2918     modbus.obj
 0003:00000920       $SG97413                   100a2920     modbus.obj
 0003:00000924       $SG97425                   100a2924     modbus.obj
 0003:00000938       $SG97462                   100a2938     modbus.obj
 0003:00000940       $SG97463                   100a2940     modbus.obj
 0003:00000944       $SG97572                   100a2944     modbus.obj
 0003:00000964       $SG97573                   100a2964     modbus.obj
 0003:00000984       $SG97582                   100a2984     modbus.obj
 0003:0000098c       $SG97589                   100a298c     modbus.obj
 0003:00000994       $SG97593                   100a2994     modbus.obj
 0003:0000099c       $SG97599                   100a299c     modbus.obj
 0003:000009ac       $SG97604                   100a29ac     modbus.obj
 0003:000009b0       $SG97654                   100a29b0     modbus.obj
 0003:000009f4       $SG97664                   100a29f4     modbus.obj
 0003:00000a2c       $SG97788                   100a2a2c     modbus.obj
 0003:00000a3c       $SG97789                   100a2a3c     modbus.obj
 0003:00000a48       $SG97667                   100a2a48     modbus.obj
 0003:00000a8c       $SG97793                   100a2a8c     modbus.obj
 0003:00000ab4       $SG97797                   100a2ab4     modbus.obj
 0003:00000ad8       $SG97799                   100a2ad8     modbus.obj
 0003:00000af0       $SG97800                   100a2af0     modbus.obj
 0003:00000b00       $SG97804                   100a2b00     modbus.obj
 0003:00000b28       $SG97808                   100a2b28     modbus.obj
 0003:00000b4c       $SG97813                   100a2b4c     modbus.obj
 0003:00000b78       $SG97817                   100a2b78     modbus.obj
 0003:00000bb8       $SG97822                   100a2bb8     modbus.obj
 0003:00000be8       $SG97827                   100a2be8     modbus.obj
 0003:00000c1c       $SG97831                   100a2c1c     modbus.obj
 0003:00000c48       $SG97836                   100a2c48     modbus.obj
 0003:00000c84       $SG97840                   100a2c84     modbus.obj
 0003:00000cb4       $SG97842                   100a2cb4     modbus.obj
 0003:00000cbc       $SG97845                   100a2cbc     modbus.obj
 0003:00000cd4       $SG97850                   100a2cd4     modbus.obj
 0003:00000d04       $SG97925                   100a2d04     modbus.obj
 0003:00000d30       $SG97855                   100a2d30     modbus.obj
 0003:00000d7c       $SG97942                   100a2d7c     modbus.obj
 0003:00000db0       $SG97859                   100a2db0     modbus.obj
 0003:00000e04       $SG97861                   100a2e04     modbus.obj
 0003:00000e2c       $SG97968                   100a2e2c     modbus.obj
 0003:00000e5c       $SG97986                   100a2e5c     modbus.obj
 0003:00000e8c       $SG98000                   100a2e8c     modbus.obj
 0003:00000ec0       $SG98066                   100a2ec0     modbus.obj
 0003:00000ee8       $SG98093                   100a2ee8     modbus.obj
 0003:00000f20       $SG98143                   100a2f20     modbus.obj
 0003:00000f50       $SG98146                   100a2f50     modbus.obj
 0003:00000fb0       ?__vcrt_flsindex@@3KA      100a2fb0     libvcruntimed:per_thread_data.obj
 0003:00001078       ?errno_no_memory@@3HA      100a3078     libucrtd:errno.obj
 0003:0000107c       ?doserrno_no_memory@@3KA   100a307c     libucrtd:errno.obj
 0003:00001080       ?__acrt_current_request_number@@3JA 100a3080     libucrtd:debug_heap.obj
 0003:000010c8       ?__acrt_debug_fill_threshold@@3IA 100a30c8     libucrtd:debug_fill_threshold.obj
 0003:000010cc       ?__acrt_flsindex@@3KA      100a30cc     libucrtd:per_thread_data.obj
 0003:000010d0       __ctype_loc_style          100a30d0     libucrtd:wsetlocale.obj
 0003:000013e0       __mbctypes                 100a33e0     libucrtd:mbctype.obj
 0003:000014e8       __mbcasemaps               100a34e8     libucrtd:mbctype.obj
 0003:000015e8       ?__rgctypeflag@@3PADA      100a35e8     libucrtd:mbctype.obj
 0003:000015f0       ?__rgcode_page_info@@3PAUcode_page_info@@A 100a35f0     libucrtd:mbctype.obj
 0003:00001750       ?__dcrt_lowio_console_output_handle@@3PAXA 100a3750     libucrtd:initcon.obj
 0003:00001760       ?__DAZ_ENABLED@?1??__set_fpsr_sse2@@9@9 100a3760     libucrtd:fpctrl.obj
 0003:00001880       ?init@?1??_RTC_InitBase@@9@4_NA 100a3880     LIBCMTD:init.obj
 0003:00001890       _GS_ExceptionRecord        100a3890     LIBCMTD:gs_report.obj
 0003:000018e0       _GS_ContextRecord          100a38e0     LIBCMTD:gs_report.obj
 0003:00001bac       ?__proc_attached@@3HA      100a3bac     LIBCMTD:dll_dllmain.obj
 0003:00001bb0       ?_RTC_ErrorReportFunc@@3P6AHHPBDH00ZZA 100a3bb0     LIBCMTD:userapi.obj
 0003:00001bb4       ?_RTC_ErrorReportFuncW@@3P6AHHPB_WH00ZZA 100a3bb4     LIBCMTD:userapi.obj
 0003:00001bb8       ?mspdb@@3PAUHINSTANCE__@@A 100a3bb8     LIBCMTD:pdblkup.obj
 0003:00001bbc       ?alreadyTried@?1??GetPdbDll@@YAPAUHINSTANCE__@@XZ@4_NA 100a3bbc     LIBCMTD:pdblkup.obj
 0003:00001bbd       ?PDBOK@?1??_RTC_GetSrcLine@@YAHPAEPA_WKPAH1K@Z@4_NA 100a3bbd     LIBCMTD:pdblkup.obj
 0003:00001bd8       ?is_initialized_as_dll@@3_NA 100a3bd8     LIBCMTD:utility.obj
 0003:00001bd9       ?module_local_atexit_table_initialized@@3_NA 100a3bd9     LIBCMTD:utility.obj
 0003:00001bdc       ?module_local_atexit_table@@3U_onexit_table_t@@A 100a3bdc     LIBCMTD:utility.obj
 0003:00001be8       ?module_local_at_quick_exit_table@@3U_onexit_table_t@@A 100a3be8     LIBCMTD:utility.obj
 0003:00001c28       ?heap@@3V_HeapManager@@A   100a3c28     libvcruntimed:undname.obj
 0003:00001c40       ?buf@?1??dbGetString@DName@@QBEPADXZ@4PADA 100a3c40     libvcruntimed:undname.obj
 0003:00001c90       ?__vcrt_startup_thread_ptd@@3U__vcrt_ptd@@A 100a3c90     libvcruntimed:per_thread_data.obj
 0003:00001cb8       ___vcrt_lock_table         100a3cb8     libvcruntimed:locks.obj
 0003:00001cd0       ___vcrt_locks_initialized  100a3cd0     libvcruntimed:locks.obj
 0003:00001cd4       ?module_handles@@3PAPAUHINSTANCE__@@A 100a3cd4     libvcruntimed:winapi_downlevel.obj
 0003:00001ce0       ?encoded_function_pointers@@3PAPAXA 100a3ce0     libvcruntimed:winapi_downlevel.obj
 0003:00001d08       ?c_termination_complete@@3JA 100a3d08     libucrtd:exit.obj
 0003:00001d0c       ?thread_local_exit_callback_func@@3P6GXPAXK0@ZA 100a3d0c     libucrtd:exit.obj
 0003:00001d18       ?program_name@?1???$common_configure_argv@D@@YAHW4_crt_argv_mode@@@Z@4PADA 100a3d18     libucrtd:argv_parsing.obj
 0003:00001e20       ?program_name@?1???$common_configure_argv@_W@@YAHW4_crt_argv_mode@@@Z@4PA_WA 100a3e20     libucrtd:argv_parsing.obj
 0003:00002054       ?__acrt_first_block@@3PAU_CrtMemBlockHeader@@A 100a4054     libucrtd:debug_heap.obj
 0003:00002058       ?__acrt_last_block@@3PAU_CrtMemBlockHeader@@A 100a4058     libucrtd:debug_heap.obj
 0003:0000205c       ?__acrt_total_allocations@@3IA 100a405c     libucrtd:debug_heap.obj
 0003:00002060       ?__acrt_current_allocations@@3IA 100a4060     libucrtd:debug_heap.obj
 0003:00002064       ?__acrt_max_allocations@@3IA 100a4064     libucrtd:debug_heap.obj
 0003:00002068       ?__acrt_check_frequency@@3IA 100a4068     libucrtd:debug_heap.obj
 0003:0000206c       ?__acrt_check_counter@@3IA 100a406c     libucrtd:debug_heap.obj
 0003:00002074       ?heap_validation_pending@@3_NA 100a4074     libucrtd:debug_heap.obj
 0003:00002078       ?__acrt_invalid_parameter_handler@@3V?$dual_state_global@P6AXPB_W00II@Z@__crt_state_management@@A 100a4078     libucrtd:invalid_parameter.obj
 0003:0000207c       ?__acrt_app_type@@3W4_crt_app_type@@A 100a407c     libucrtd:report_runtime_error.obj
 0003:00002080       ?outmsg@?9??__acrt_report_runtime_error@@9@4PA_WA 100a4080     libucrtd:report_runtime_error.obj
 0003:000026a8       ___acrt_error_mode         100a46a8     libucrtd:set_error_mode.obj
 0003:000026ac       ?console_ctrl_handler_installed@@3_NA 100a46ac     libucrtd:signal.obj
 0003:000026b0       ?ctrlc_action@@3V?$dual_state_global@P6AXH@Z@__crt_state_management@@A 100a46b0     libucrtd:signal.obj
 0003:000026b4       ?ctrlbreak_action@@3V?$dual_state_global@P6AXH@Z@__crt_state_management@@A 100a46b4     libucrtd:signal.obj
 0003:000026b8       ?abort_action@@3V?$dual_state_global@P6AXH@Z@__crt_state_management@@A 100a46b8     libucrtd:signal.obj
 0003:000026bc       ?term_action@@3V?$dual_state_global@P6AXH@Z@__crt_state_management@@A 100a46bc     libucrtd:signal.obj
 0003:000026c0       ?module_handles@@3PAPAUHINSTANCE__@@A 100a46c0     libucrtd:winapi_thunks.obj
 0003:00002710       ?encoded_function_pointers@@3PAPAXA 100a4710     libucrtd:winapi_thunks.obj
 0003:00002798       ?static_enum_proc@?1??enum_system_locales_ex_nolock@@YAHQ6GHPA_WKJ@Z@Z@4P6GH0KJ@ZA 100a4798     libucrtd:winapi_thunks.obj
 0003:000029a4       ?internal_state@?1??_mbtowc_l@@9@4U_Mbstatet@@A 100a49a4     libucrtd:mbtowc.obj
 0003:000029ac       ?enable_percent_n@@3IA     100a49ac     libucrtd:printf_count_output.obj
 0003:000029d0       ?__acrt_lock_table@@3PAU_RTL_CRITICAL_SECTION@@A 100a49d0     libucrtd:locks.obj
 0003:00002b20       ?__acrt_locks_initialized@@3IA 100a4b20     libucrtd:locks.obj
 0003:00002b24       ?state_cache@?1???$get_cached_win_policy@Ubegin_thread_init_policy_properties@?1??__acrt_get_begin_thread_init_policy@@YA?AW4begin_thread_init_policy@@XZ@@@YA?AW4begin_thread_init_policy@@W4AppPolicyThreadInitializationType@@@Z@4JA 100a4b24     libucrtd:win_policies.obj
 0003:00002b28       ?state_cache@?1???$get_cached_win_policy@Udeveloper_information_policy_properties@?1??__acrt_get_developer_information_policy@@YA?AW4developer_information_policy@@XZ@@@YA?AW4developer_information_policy@@W4AppPolicyShowDeveloperDiagnostic@@@Z@4JA 100a4b28     libucrtd:win_policies.obj
 0003:00002b2c       ?state_cache@?1???$get_cached_win_policy@Uwindowing_model_policy_properties@?1??__acrt_get_windowing_model_policy@@YA?AW4windowing_model_policy@@XZ@@@YA?AW4windowing_model_policy@@W4AppPolicyWindowingModel@@@Z@4JA 100a4b2c     libucrtd:win_policies.obj
 0003:00002b3c       ?fSystemSet@@3HA           100a4b3c     libucrtd:mbctype.obj
 0003:00002b40       ?initialized@?1??__acrt_initialize_multibyte@@9@4_NA 100a4b40     libucrtd:mbctype.obj
 0003:00002b64       ?__acrt_new_handler@@3V?$dual_state_global@P6AHI@Z@__crt_state_management@@A 100a4b64     libucrtd:new_handler.obj
 0003:00002b68       ?user_matherr@@3V?$dual_state_global@P6AHPAU_exception@@@Z@__crt_state_management@@A 100a4b68     libucrtd:matherr.obj
 0003:00002b6c       ?__acrt_global_new_mode@@3V?$dual_state_global@J@__crt_state_management@@A 100a4b6c     libucrtd:new_mode.obj
 0003:00002b70       ?mbst@?1??mbrlen@@9@4U_Mbstatet@@A 100a4b70     libucrtd:mbrtowc.obj
 0003:00002b78       ?mbst@?1??mbrtowc@@9@4U_Mbstatet@@A 100a4b78     libucrtd:mbrtowc.obj
 0003:00002b80       ?mbst@?1??_mbsrtowcs_helper@@YAIPA_WPAPBDIPAU_Mbstatet@@@Z@4U2@A 100a4b80     libucrtd:mbrtowc.obj
 0003:00002b90       ?internal_pst@?1??__mbrtoc32_utf8@__crt_mbstring@@YAIPA_UPBDIPAU_Mbstatet@@@Z@4U3@A 100a4b90     libucrtd:mbrtoc32.obj
 0003:00002b98       __pmatherr_set             100a4b98     libucrtd:libm_error.obj
 0003:00002b9c       ?internal_pst@?1??__c16rtomb_utf8@__crt_mbstring@@YAIPAD_SPAU_Mbstatet@@@Z@4U3@A 100a4b9c     libucrtd:c16rtomb.obj
 0004:000000a0       $R000000                   100a50a0     modbus.res
 0004:00000310       $R000270                   100a5310     modbus.res
